Archive member included to satisfy reference by file (symbol)

c:/st/stm32cubeide_1.4.0/stm32cubeide/plugins/com.st.stm32cube.ide.mcu.externaltools.gnu-tools-for-stm32.7-2018-q2-update.win32_1.5.0.202011040924/tools/bin/../lib/gcc/arm-none-eabi/7.3.1/../../../../arm-none-eabi/lib/thumb/v6-m\libc_nano.a(lib_a-errno.o)
                              Core/Src/syscalls.o (__errno)
c:/st/stm32cubeide_1.4.0/stm32cubeide/plugins/com.st.stm32cube.ide.mcu.externaltools.gnu-tools-for-stm32.7-2018-q2-update.win32_1.5.0.202011040924/tools/bin/../lib/gcc/arm-none-eabi/7.3.1/../../../../arm-none-eabi/lib/thumb/v6-m\libc_nano.a(lib_a-exit.o)
                              c:/st/stm32cubeide_1.4.0/stm32cubeide/plugins/com.st.stm32cube.ide.mcu.externaltools.gnu-tools-for-stm32.7-2018-q2-update.win32_1.5.0.202011040924/tools/bin/../lib/gcc/arm-none-eabi/7.3.1/../../../../arm-none-eabi/lib/thumb/v6-m/crt0.o (exit)
c:/st/stm32cubeide_1.4.0/stm32cubeide/plugins/com.st.stm32cube.ide.mcu.externaltools.gnu-tools-for-stm32.7-2018-q2-update.win32_1.5.0.202011040924/tools/bin/../lib/gcc/arm-none-eabi/7.3.1/../../../../arm-none-eabi/lib/thumb/v6-m\libc_nano.a(lib_a-impure.o)
                              c:/st/stm32cubeide_1.4.0/stm32cubeide/plugins/com.st.stm32cube.ide.mcu.externaltools.gnu-tools-for-stm32.7-2018-q2-update.win32_1.5.0.202011040924/tools/bin/../lib/gcc/arm-none-eabi/7.3.1/../../../../arm-none-eabi/lib/thumb/v6-m\libc_nano.a(lib_a-exit.o) (_global_impure_ptr)
c:/st/stm32cubeide_1.4.0/stm32cubeide/plugins/com.st.stm32cube.ide.mcu.externaltools.gnu-tools-for-stm32.7-2018-q2-update.win32_1.5.0.202011040924/tools/bin/../lib/gcc/arm-none-eabi/7.3.1/../../../../arm-none-eabi/lib/thumb/v6-m\libc_nano.a(lib_a-init.o)
                              c:/st/stm32cubeide_1.4.0/stm32cubeide/plugins/com.st.stm32cube.ide.mcu.externaltools.gnu-tools-for-stm32.7-2018-q2-update.win32_1.5.0.202011040924/tools/bin/../lib/gcc/arm-none-eabi/7.3.1/../../../../arm-none-eabi/lib/thumb/v6-m/crt0.o (__libc_init_array)
c:/st/stm32cubeide_1.4.0/stm32cubeide/plugins/com.st.stm32cube.ide.mcu.externaltools.gnu-tools-for-stm32.7-2018-q2-update.win32_1.5.0.202011040924/tools/bin/../lib/gcc/arm-none-eabi/7.3.1/../../../../arm-none-eabi/lib/thumb/v6-m\libc_nano.a(lib_a-malloc.o)
                              Core/Src/menu.o (malloc)
c:/st/stm32cubeide_1.4.0/stm32cubeide/plugins/com.st.stm32cube.ide.mcu.externaltools.gnu-tools-for-stm32.7-2018-q2-update.win32_1.5.0.202011040924/tools/bin/../lib/gcc/arm-none-eabi/7.3.1/../../../../arm-none-eabi/lib/thumb/v6-m\libc_nano.a(lib_a-memcpy-stub.o)
                              Core/Src/main.o (memcpy)
c:/st/stm32cubeide_1.4.0/stm32cubeide/plugins/com.st.stm32cube.ide.mcu.externaltools.gnu-tools-for-stm32.7-2018-q2-update.win32_1.5.0.202011040924/tools/bin/../lib/gcc/arm-none-eabi/7.3.1/../../../../arm-none-eabi/lib/thumb/v6-m\libc_nano.a(lib_a-memset.o)
                              c:/st/stm32cubeide_1.4.0/stm32cubeide/plugins/com.st.stm32cube.ide.mcu.externaltools.gnu-tools-for-stm32.7-2018-q2-update.win32_1.5.0.202011040924/tools/bin/../lib/gcc/arm-none-eabi/7.3.1/../../../../arm-none-eabi/lib/thumb/v6-m/crt0.o (memset)
c:/st/stm32cubeide_1.4.0/stm32cubeide/plugins/com.st.stm32cube.ide.mcu.externaltools.gnu-tools-for-stm32.7-2018-q2-update.win32_1.5.0.202011040924/tools/bin/../lib/gcc/arm-none-eabi/7.3.1/../../../../arm-none-eabi/lib/thumb/v6-m\libc_nano.a(lib_a-nano-freer.o)
                              c:/st/stm32cubeide_1.4.0/stm32cubeide/plugins/com.st.stm32cube.ide.mcu.externaltools.gnu-tools-for-stm32.7-2018-q2-update.win32_1.5.0.202011040924/tools/bin/../lib/gcc/arm-none-eabi/7.3.1/../../../../arm-none-eabi/lib/thumb/v6-m\libc_nano.a(lib_a-malloc.o) (_free_r)
c:/st/stm32cubeide_1.4.0/stm32cubeide/plugins/com.st.stm32cube.ide.mcu.externaltools.gnu-tools-for-stm32.7-2018-q2-update.win32_1.5.0.202011040924/tools/bin/../lib/gcc/arm-none-eabi/7.3.1/../../../../arm-none-eabi/lib/thumb/v6-m\libc_nano.a(lib_a-nano-mallocr.o)
                              c:/st/stm32cubeide_1.4.0/stm32cubeide/plugins/com.st.stm32cube.ide.mcu.externaltools.gnu-tools-for-stm32.7-2018-q2-update.win32_1.5.0.202011040924/tools/bin/../lib/gcc/arm-none-eabi/7.3.1/../../../../arm-none-eabi/lib/thumb/v6-m\libc_nano.a(lib_a-malloc.o) (_malloc_r)
c:/st/stm32cubeide_1.4.0/stm32cubeide/plugins/com.st.stm32cube.ide.mcu.externaltools.gnu-tools-for-stm32.7-2018-q2-update.win32_1.5.0.202011040924/tools/bin/../lib/gcc/arm-none-eabi/7.3.1/../../../../arm-none-eabi/lib/thumb/v6-m\libc_nano.a(lib_a-sbrkr.o)
                              c:/st/stm32cubeide_1.4.0/stm32cubeide/plugins/com.st.stm32cube.ide.mcu.externaltools.gnu-tools-for-stm32.7-2018-q2-update.win32_1.5.0.202011040924/tools/bin/../lib/gcc/arm-none-eabi/7.3.1/../../../../arm-none-eabi/lib/thumb/v6-m\libc_nano.a(lib_a-nano-mallocr.o) (_sbrk_r)
[...]
Memory Configuration

Name             Origin             Length             Attributes
RAM              0x0000000020000000 0x0000000000002000 xrw
FLASH            0x0000000008000000 0x0000000000010000 xr
*default*        0x0000000000000000 0xffffffffffffffff

Linker script and memory map

LOAD c:/st/stm32cubeide_1.4.0/stm32cubeide/plugins/com.st.stm32cube.ide.mcu.externaltools.gnu-tools-for-stm32.7-2018-q2-update.win32_1.5.0.202011040924/tools/bin/../lib/gcc/arm-none-eabi/7.3.1/thumb/v6-m/crti.o
LOAD c:/st/stm32cubeide_1.4.0/stm32cubeide/plugins/com.st.stm32cube.ide.mcu.externaltools.gnu-tools-for-stm32.7-2018-q2-update.win32_1.5.0.202011040924/tools/bin/../lib/gcc/arm-none-eabi/7.3.1/thumb/v6-m/crtbegin.o
LOAD c:/st/stm32cubeide_1.4.0/stm32cubeide/plugins/com.st.stm32cube.ide.mcu.externaltools.gnu-tools-for-stm32.7-2018-q2-update.win32_1.5.0.202011040924/tools/bin/../lib/gcc/arm-none-eabi/7.3.1/../../../../arm-none-eabi/lib/thumb/v6-m/crt0.o
LOAD Core/Src/eeprom.o
LOAD Core/Src/fonts.o
LOAD Core/Src/ili9341.o
LOAD Core/Src/main.o
LOAD Core/Src/max_31855.o
LOAD Core/Src/menu.o
LOAD Core/Src/menu_display.o
LOAD Core/Src/rotary.o
LOAD Core/Src/stm32f0xx_hal_msp.o
LOAD Core/Src/stm32f0xx_it.o
LOAD Core/Src/syscalls.o
LOAD Core/Src/sysmem.o
LOAD Core/Src/system_stm32f0xx.o
LOAD Core/Startup/startup_stm32f030r8tx.o
LOAD Drivers/STM32F0xx_HAL_Driver/Src/stm32f0xx_hal.o
LOAD Drivers/STM32F0xx_HAL_Driver/Src/stm32f0xx_hal_cortex.o
LOAD Drivers/STM32F0xx_HAL_Driver/Src/stm32f0xx_hal_dma.o
LOAD Drivers/STM32F0xx_HAL_Driver/Src/stm32f0xx_hal_exti.o
LOAD Drivers/STM32F0xx_HAL_Driver/Src/stm32f0xx_hal_flash.o
LOAD Drivers/STM32F0xx_HAL_Driver/Src/stm32f0xx_hal_flash_ex.o
LOAD Drivers/STM32F0xx_HAL_Driver/Src/stm32f0xx_hal_gpio.o
LOAD Drivers/STM32F0xx_HAL_Driver/Src/stm32f0xx_hal_i2c.o
LOAD Drivers/STM32F0xx_HAL_Driver/Src/stm32f0xx_hal_i2c_ex.o
LOAD Drivers/STM32F0xx_HAL_Driver/Src/stm32f0xx_hal_pwr.o
LOAD Drivers/STM32F0xx_HAL_Driver/Src/stm32f0xx_hal_pwr_ex.o
LOAD Drivers/STM32F0xx_HAL_Driver/Src/stm32f0xx_hal_rcc.o
LOAD Drivers/STM32F0xx_HAL_Driver/Src/stm32f0xx_hal_rcc_ex.o
LOAD Drivers/STM32F0xx_HAL_Driver/Src/stm32f0xx_hal_spi.o
LOAD Drivers/STM32F0xx_HAL_Driver/Src/stm32f0xx_hal_spi_ex.o
LOAD Drivers/STM32F0xx_HAL_Driver/Src/stm32f0xx_hal_tim.o
LOAD Drivers/STM32F0xx_HAL_Driver/Src/stm32f0xx_hal_tim_ex.o
START GROUP
LOAD c:/st/stm32cubeide_1.4.0/stm32cubeide/plugins/com.st.stm32cube.ide.mcu.externaltools.gnu-tools-for-stm32.7-2018-q2-update.win32_1.5.0.202011040924/tools/bin/../lib/gcc/arm-none-eabi/7.3.1/../../../../arm-none-eabi/lib/thumb/v6-m\libc_nano.a
LOAD c:/st/stm32cubeide_1.4.0/stm32cubeide/plugins/com.st.stm32cube.ide.mcu.externaltools.gnu-tools-for-stm32.7-2018-q2-update.win32_1.5.0.202011040924/tools/bin/../lib/gcc/arm-none-eabi/7.3.1/../../../../arm-none-eabi/lib/thumb/v6-m\libm.a
END GROUP
START GROUP
LOAD c:/st/stm32cubeide_1.4.0/stm32cubeide/plugins/com.st.stm32cube.ide.mcu.externaltools.gnu-tools-for-stm32.7-2018-q2-update.win32_1.5.0.202011040924/tools/bin/../lib/gcc/arm-none-eabi/7.3.1/thumb/v6-m\libgcc.a
LOAD c:/st/stm32cubeide_1.4.0/stm32cubeide/plugins/com.st.stm32cube.ide.mcu.externaltools.gnu-tools-for-stm32.7-2018-q2-update.win32_1.5.0.202011040924/tools/bin/../lib/gcc/arm-none-eabi/7.3.1/../../../../arm-none-eabi/lib/thumb/v6-m\libc_nano.a
END GROUP
START GROUP
LOAD c:/st/stm32cubeide_1.4.0/stm32cubeide/plugins/com.st.stm32cube.ide.mcu.externaltools.gnu-tools-for-stm32.7-2018-q2-update.win32_1.5.0.202011040924/tools/bin/../lib/gcc/arm-none-eabi/7.3.1/thumb/v6-m\libgcc.a
LOAD c:/st/stm32cubeide_1.4.0/stm32cubeide/plugins/com.st.stm32cube.ide.mcu.externaltools.gnu-tools-for-stm32.7-2018-q2-update.win32_1.5.0.202011040924/tools/bin/../lib/gcc/arm-none-eabi/7.3.1/../../../../arm-none-eabi/lib/thumb/v6-m\libc_nano.a
LOAD c:/st/stm32cubeide_1.4.0/stm32cubeide/plugins/com.st.stm32cube.ide.mcu.externaltools.gnu-tools-for-stm32.7-2018-q2-update.win32_1.5.0.202011040924/tools/bin/../lib/gcc/arm-none-eabi/7.3.1/../../../../arm-none-eabi/lib/thumb/v6-m\libnosys.a
END GROUP
START GROUP
LOAD c:/st/stm32cubeide_1.4.0/stm32cubeide/plugins/com.st.stm32cube.ide.mcu.externaltools.gnu-tools-for-stm32.7-2018-q2-update.win32_1.5.0.202011040924/tools/bin/../lib/gcc/arm-none-eabi/7.3.1/thumb/v6-m\libgcc.a
LOAD c:/st/stm32cubeide_1.4.0/stm32cubeide/plugins/com.st.stm32cube.ide.mcu.externaltools.gnu-tools-for-stm32.7-2018-q2-update.win32_1.5.0.202011040924/tools/bin/../lib/gcc/arm-none-eabi/7.3.1/../../../../arm-none-eabi/lib/thumb/v6-m\libc_nano.a
LOAD c:/st/stm32cubeide_1.4.0/stm32cubeide/plugins/com.st.stm32cube.ide.mcu.externaltools.gnu-tools-for-stm32.7-2018-q2-update.win32_1.5.0.202011040924/tools/bin/../lib/gcc/arm-none-eabi/7.3.1/../../../../arm-none-eabi/lib/thumb/v6-m\libnosys.a
END GROUP
LOAD c:/st/stm32cubeide_1.4.0/stm32cubeide/plugins/com.st.stm32cube.ide.mcu.externaltools.gnu-tools-for-stm32.7-2018-q2-update.win32_1.5.0.202011040924/tools/bin/../lib/gcc/arm-none-eabi/7.3.1/thumb/v6-m/crtend.o
LOAD c:/st/stm32cubeide_1.4.0/stm32cubeide/plugins/com.st.stm32cube.ide.mcu.externaltools.gnu-tools-for-stm32.7-2018-q2-update.win32_1.5.0.202011040924/tools/bin/../lib/gcc/arm-none-eabi/7.3.1/thumb/v6-m/crtn.o
                0x0000000020002000                _estack = (ORIGIN (RAM) + LENGTH (RAM))
                0x0000000000000200                _Min_Heap_Size = 0x200
                0x0000000000000400                _Min_Stack_Size = 0x400

.isr_vector     0x0000000008000000       0xc0
                0x0000000008000000                . = ALIGN (0x4)
 *(.isr_vector)
 .isr_vector    0x0000000008000000       0xc0 Core/Startup/startup_stm32f030r8tx.o
                0x0000000008000000                g_pfnVectors
                0x00000000080000c0                . = ALIGN (0x4)

.text           0x00000000080000c0     0x5784
                0x00000000080000c0                . = ALIGN (0x4)
 *(.text)
 .text          0x00000000080000c0       0x48 c:/st/stm32cubeide_1.4.0/stm32cubeide/plugins/com.st.stm32cube.ide.mcu.externaltools.gnu-tools-for-stm32.7-2018-q2-update.win32_1.5.0.202011040924/tools/bin/../lib/gcc/arm-none-eabi/7.3.1/thumb/v6-m/crtbegin.o
 .text          0x0000000008000108      0x114 c:/st/stm32cubeide_1.4.0/stm32cubeide/plugins/com.st.stm32cube.ide.mcu.externaltools.gnu-tools-for-stm32.7-2018-q2-update.win32_1.5.0.202011040924/tools/bin/../lib/gcc/arm-none-eabi/7.3.1/thumb/v6-m\libgcc.a(_udivsi3.o)
                0x0000000008000108                __aeabi_uidiv
                0x0000000008000108                __udivsi3
                0x0000000008000214                __aeabi_uidivmod
 .text          0x000000000800021c      0x1d4 c:/st/stm32cubeide_1.4.0/stm32cubeide/plugins/com.st.stm32cube.ide.mcu.externaltools.gnu-tools-for-stm32.7-2018-q2-update.win32_1.5.0.202011040924/tools/bin/../lib/gcc/arm-none-eabi/7.3.1/thumb/v6-m\libgcc.a(_divsi3.o)
                0x000000000800021c                __divsi3
                0x000000000800021c                __aeabi_idiv
                0x00000000080003e8                __aeabi_idivmod
 .text          0x00000000080003f0        0x4 c:/st/stm32cubeide_1.4.0/stm32cubeide/plugins/com.st.stm32cube.ide.mcu.externaltools.gnu-tools-for-stm32.7-2018-q2-update.win32_1.5.0.202011040924/tools/bin/../lib/gcc/arm-none-eabi/7.3.1/thumb/v6-m\libgcc.a(_dvmd_tls.o)
                0x00000000080003f0                __aeabi_idiv0
                0x00000000080003f0                __aeabi_ldiv0
 .text          0x00000000080003f4       0x30 c:/st/stm32cubeide_1.4.0/stm32cubeide/plugins/com.st.stm32cube.ide.mcu.externaltools.gnu-tools-for-stm32.7-2018-q2-update.win32_1.5.0.202011040924/tools/bin/../lib/gcc/arm-none-eabi/7.3.1/thumb/v6-m\libgcc.a(_fixunssfsi.o)
                0x00000000080003f4                __fixunssfsi
                0x00000000080003f4                __aeabi_f2uiz
 .text          0x0000000008000424      0x334 c:/st/stm32cubeide_1.4.0/stm32cubeide/plugins/com.st.stm32cube.ide.mcu.externaltools.gnu-tools-for-stm32.7-2018-q2-update.win32_1.5.0.202011040924/tools/bin/../lib/gcc/arm-none-eabi/7.3.1/thumb/v6-m\libgcc.a(addsf3.o)
                0x0000000008000424                __aeabi_fadd
 .text          0x0000000008000758      0x224 c:/st/stm32cubeide_1.4.0/stm32cubeide/plugins/com.st.stm32cube.ide.mcu.externaltools.gnu-tools-for-stm32.7-2018-q2-update.win32_1.5.0.202011040924/tools/bin/../lib/gcc/arm-none-eabi/7.3.1/thumb/v6-m\libgcc.a(divsf3.o)
                0x0000000008000758                __aeabi_fdiv
 .text          0x000000000800097c      0x264 c:/st/stm32cubeide_1.4.0/stm32cubeide/plugins/com.st.stm32cube.ide.mcu.externaltools.gnu-tools-for-stm32.7-2018-q2-update.win32_1.5.0.202011040924/tools/bin/../lib/gcc/arm-none-eabi/7.3.1/thumb/v6-m\libgcc.a(mulsf3.o)
                0x000000000800097c                __aeabi_fmul
 .text          0x0000000008000be0      0x388 c:/st/stm32cubeide_1.4.0/stm32cubeide/plugins/com.st.stm32cube.ide.mcu.externaltools.gnu-tools-for-stm32.7-2018-q2-update.win32_1.5.0.202011040924/tools/bin/../lib/gcc/arm-none-eabi/7.3.1/thumb/v6-m\libgcc.a(subsf3.o)
                0x0000000008000be0                __aeabi_fsub
 .text          0x0000000008000f68       0x40 c:/st/stm32cubeide_1.4.0/stm32cubeide/plugins/com.st.stm32cube.ide.mcu.externaltools.gnu-tools-for-stm32.7-2018-q2-update.win32_1.5.0.202011040924/tools/bin/../lib/gcc/arm-none-eabi/7.3.1/thumb/v6-m\libgcc.a(fixsfsi.o)
                0x0000000008000f68                __aeabi_f2iz
 .text          0x0000000008000fa8       0x94 c:/st/stm32cubeide_1.4.0/stm32cubeide/plugins/com.st.stm32cube.ide.mcu.externaltools.gnu-tools-for-stm32.7-2018-q2-update.win32_1.5.0.202011040924/tools/bin/../lib/gcc/arm-none-eabi/7.3.1/thumb/v6-m\libgcc.a(floatsisf.o)
                0x0000000008000fa8                __aeabi_i2f
 .text          0x000000000800103c       0x80 c:/st/stm32cubeide_1.4.0/stm32cubeide/plugins/com.st.stm32cube.ide.mcu.externaltools.gnu-tools-for-stm32.7-2018-q2-update.win32_1.5.0.202011040924/tools/bin/../lib/gcc/arm-none-eabi/7.3.1/thumb/v6-m\libgcc.a(floatunsisf.o)
                0x000000000800103c                __aeabi_ui2f
 .text          0x00000000080010bc       0x74 c:/st/stm32cubeide_1.4.0/stm32cubeide/plugins/com.st.stm32cube.ide.mcu.externaltools.gnu-tools-for-stm32.7-2018-q2-update.win32_1.5.0.202011040924/tools/bin/../lib/gcc/arm-none-eabi/7.3.1/thumb/v6-m\libgcc.a(_arm_cmpsf2.o)
                0x00000000080010bc                __aeabi_cfrcmple
                0x00000000080010c4                __aeabi_cfcmpeq
                0x00000000080010c4                __aeabi_cfcmple
                0x00000000080010d4                __aeabi_fcmpeq
                0x00000000080010e0                __aeabi_fcmplt
                0x00000000080010f4                __aeabi_fcmple
                0x0000000008001108                __aeabi_fcmpgt
                0x000000000800111c                __aeabi_fcmpge
 .text          0x0000000008001130       0x3c c:/st/stm32cubeide_1.4.0/stm32cubeide/plugins/com.st.stm32cube.ide.mcu.externaltools.gnu-tools-for-stm32.7-2018-q2-update.win32_1.5.0.202011040924/tools/bin/../lib/gcc/arm-none-eabi/7.3.1/thumb/v6-m\libgcc.a(_clzsi2.o)
                0x0000000008001130                __clzsi2
 .text          0x000000000800116c       0x50 c:/st/stm32cubeide_1.4.0/stm32cubeide/plugins/com.st.stm32cube.ide.mcu.externaltools.gnu-tools-for-stm32.7-2018-q2-update.win32_1.5.0.202011040924/tools/bin/../lib/gcc/arm-none-eabi/7.3.1/thumb/v6-m\libgcc.a(eqsf2.o)
                0x000000000800116c                __eqsf2
                0x000000000800116c                __nesf2
 .text          0x00000000080011bc       0x9c c:/st/stm32cubeide_1.4.0/stm32cubeide/plugins/com.st.stm32cube.ide.mcu.externaltools.gnu-tools-for-stm32.7-2018-q2-update.win32_1.5.0.202011040924/tools/bin/../lib/gcc/arm-none-eabi/7.3.1/thumb/v6-m\libgcc.a(gesf2.o)
                0x00000000080011bc                __gesf2
                0x00000000080011bc                __gtsf2
 .text          0x0000000008001258       0xa0 c:/st/stm32cubeide_1.4.0/stm32cubeide/plugins/com.st.stm32cube.ide.mcu.externaltools.gnu-tools-for-stm32.7-2018-q2-update.win32_1.5.0.202011040924/tools/bin/../lib/gcc/arm-none-eabi/7.3.1/thumb/v6-m\libgcc.a(lesf2.o)
                0x0000000008001258                __ltsf2
                0x0000000008001258                __lesf2
 *(.text*)
 .text.ee24_write
                0x00000000080012f8       0xa8 Core/Src/eeprom.o
                0x00000000080012f8                ee24_write
 .text.ee24_read
                0x00000000080013a0       0x4c Core/Src/eeprom.o
                0x00000000080013a0                ee24_read
 .text.eeprom_init
                0x00000000080013ec       0xb8 Core/Src/eeprom.o
                0x00000000080013ec                eeprom_init
 .text.ILI9341_Select
                0x00000000080014a4       0x14 Core/Src/ili9341.o
 .text.ILI9341_Reset
                0x00000000080014b8       0x30 Core/Src/ili9341.o
 .text.ILI9341_Unselect
                0x00000000080014e8       0x14 Core/Src/ili9341.o
                0x00000000080014e8                ILI9341_Unselect
 .text.ILI9341_WriteCommand
                0x00000000080014fc       0x30 Core/Src/ili9341.o
                0x00000000080014fc                ILI9341_WriteCommand
 .text.ILI9341_WriteData
                0x000000000800152c       0x44 Core/Src/ili9341.o
                0x000000000800152c                ILI9341_WriteData
 .text.ILI9341_SetAddressWindow
                0x0000000008001570       0x58 Core/Src/ili9341.o
 .text.ILI9341_WriteChar1
                0x00000000080015c8       0x84 Core/Src/ili9341.o
 .text.ILI9341_Init
                0x000000000800164c      0x274 Core/Src/ili9341.o
                0x000000000800164c                ILI9341_Init
 .text.ILI9341_WriteString1
                0x00000000080018c0       0x62 Core/Src/ili9341.o
                0x00000000080018c0                ILI9341_WriteString1
 *fill*         0x0000000008001922        0x2 
 .text.ILI9341_FillRectangle
                0x0000000008001924       0xbc Core/Src/ili9341.o
                0x0000000008001924                ILI9341_FillRectangle
 .text.ILI9341_FillScreen
                0x00000000080019e0       0x18 Core/Src/ili9341.o
                0x00000000080019e0                ILI9341_FillScreen
 .text.ILI9341_FillScreenOffset
                0x00000000080019f8       0x18 Core/Src/ili9341.o
                0x00000000080019f8                ILI9341_FillScreenOffset
 .text.ILI9341_FillScreenTemp
                0x0000000008001a10       0x18 Core/Src/ili9341.o
                0x0000000008001a10                ILI9341_FillScreenTemp
 .text.MX_GPIO_Init
                0x0000000008001a28      0x134 Core/Src/main.o
 .text.MX_SPI1_Init
                0x0000000008001b5c       0x44 Core/Src/main.o
 .text.MX_TIM3_Init
                0x0000000008001ba0       0x60 Core/Src/main.o
 .text.MX_TIM1_Init
                0x0000000008001c00       0x60 Core/Src/main.o
 .text.MX_TIM15_Init
                0x0000000008001c60       0x64 Core/Src/main.o
 .text.MX_I2C1_Init
                0x0000000008001cc4       0x44 Core/Src/main.o
 .text.SystemClock_Config
                0x0000000008001d08       0x70 Core/Src/main.o
                0x0000000008001d08                SystemClock_Config
 .text.init     0x0000000008001d78       0x54 Core/Src/main.o
                0x0000000008001d78                init
 .text.main     0x0000000008001dcc       0x58 Core/Src/main.o
                0x0000000008001dcc                main
 .text.HAL_TIM_PeriodElapsedCallback
                0x0000000008001e24      0x2ec Core/Src/main.o
                0x0000000008001e24                HAL_TIM_PeriodElapsedCallback
 .text.reverse2
                0x0000000008002110       0x1e Core/Src/main.o
                0x0000000008002110                reverse2
 .text.intToStr
                0x000000000800212e       0x50 Core/Src/main.o
                0x000000000800212e                intToStr
 *fill*         0x000000000800217e        0x2 
 .text.STEPPER_ROTATE
                0x0000000008002180      0x1a0 Core/Src/main.o
                0x0000000008002180                STEPPER_ROTATE
 .text.DISPANSE_UPMA
                0x0000000008002320       0x80 Core/Src/main.o
                0x0000000008002320                DISPANSE_UPMA
 .text.DISPANSE_KESARI
                0x00000000080023a0       0x80 Core/Src/main.o
                0x00000000080023a0                DISPANSE_KESARI
 .text.DISPANSE_POHA
                0x0000000008002420       0x80 Core/Src/main.o
                0x0000000008002420                DISPANSE_POHA
 .text.StopAllMotors
                0x00000000080024a0       0xb4 Core/Src/main.o
                0x00000000080024a0                StopAllMotors
 .text.ReadTemperature
                0x0000000008002554       0xf4 Core/Src/max_31855.o
                0x0000000008002554                ReadTemperature
 .text.MachineProcess
                0x0000000008002648      0x3c4 Core/Src/menu_display.o
                0x0000000008002648                MachineProcess
 .text.DisplayPrint
                0x0000000008002a0c      0x1e4 Core/Src/menu_display.o
                0x0000000008002a0c                DisplayPrint
 .text.switchDetected
                0x0000000008002bf0       0x60 Core/Src/menu_display.o
                0x0000000008002bf0                switchDetected
 .text.HAL_MspInit
                0x0000000008002c50       0x30 Core/Src/stm32f0xx_hal_msp.o
                0x0000000008002c50                HAL_MspInit
 .text.HAL_I2C_MspInit
                0x0000000008002c80       0x6c Core/Src/stm32f0xx_hal_msp.o
                0x0000000008002c80                HAL_I2C_MspInit
 .text.HAL_SPI_MspInit
                0x0000000008002cec       0x64 Core/Src/stm32f0xx_hal_msp.o
                0x0000000008002cec                HAL_SPI_MspInit
 .text.HAL_TIM_Base_MspInit
                0x0000000008002d50       0x9c Core/Src/stm32f0xx_hal_msp.o
                0x0000000008002d50                HAL_TIM_Base_MspInit
 .text.NMI_Handler
                0x0000000008002dec        0x8 Core/Src/stm32f0xx_it.o
                0x0000000008002dec                NMI_Handler
 .text.HardFault_Handler
                0x0000000008002df4        0x2 Core/Src/stm32f0xx_it.o
                0x0000000008002df4                HardFault_Handler
 .text.SVC_Handler
                0x0000000008002df6        0x2 Core/Src/stm32f0xx_it.o
                0x0000000008002df6                SVC_Handler
 .text.PendSV_Handler
                0x0000000008002df8        0x2 Core/Src/stm32f0xx_it.o
                0x0000000008002df8                PendSV_Handler
 .text.SysTick_Handler
                0x0000000008002dfa        0x8 Core/Src/stm32f0xx_it.o
                0x0000000008002dfa                SysTick_Handler
 *fill*         0x0000000008002e02        0x2 
 .text.TIM1_BRK_UP_TRG_COM_IRQHandler
                0x0000000008002e04       0xb0 Core/Src/stm32f0xx_it.o
                0x0000000008002e04                TIM1_BRK_UP_TRG_COM_IRQHandler
 .text.TIM3_IRQHandler
                0x0000000008002eb4       0x10 Core/Src/stm32f0xx_it.o
                0x0000000008002eb4                TIM3_IRQHandler
 .text.TIM15_IRQHandler
                0x0000000008002ec4       0x10 Core/Src/stm32f0xx_it.o
                0x0000000008002ec4                TIM15_IRQHandler
 .text._sbrk    0x0000000008002ed4       0x3c Core/Src/sysmem.o
                0x0000000008002ed4                _sbrk
 .text.SystemInit
                0x0000000008002f10        0x2 Core/Src/system_stm32f0xx.o
                0x0000000008002f10                SystemInit
 *fill*         0x0000000008002f12        0x2 
 .text.Reset_Handler
                0x0000000008002f14       0x50 Core/Startup/startup_stm32f030r8tx.o
                0x0000000008002f14                Reset_Handler
 .text.Default_Handler
                0x0000000008002f64        0x2 Core/Startup/startup_stm32f030r8tx.o
                0x0000000008002f64                TIM1_CC_IRQHandler
                0x0000000008002f64                TIM6_IRQHandler
                0x0000000008002f64                I2C1_IRQHandler
                0x0000000008002f64                SPI1_IRQHandler
                0x0000000008002f64                EXTI2_3_IRQHandler
                0x0000000008002f64                ADC1_IRQHandler
                0x0000000008002f64                I2C2_IRQHandler
                0x0000000008002f64                TIM17_IRQHandler
                0x0000000008002f64                RTC_IRQHandler
                0x0000000008002f64                TIM16_IRQHandler
                0x0000000008002f64                EXTI4_15_IRQHandler
                0x0000000008002f64                RCC_IRQHandler
                0x0000000008002f64                DMA1_Channel1_IRQHandler
                0x0000000008002f64                Default_Handler
                0x0000000008002f64                TIM14_IRQHandler
                0x0000000008002f64                DMA1_Channel4_5_IRQHandler
                0x0000000008002f64                EXTI0_1_IRQHandler
                0x0000000008002f64                SPI2_IRQHandler
                0x0000000008002f64                WWDG_IRQHandler
                0x0000000008002f64                DMA1_Channel2_3_IRQHandler
                0x0000000008002f64                USART2_IRQHandler
                0x0000000008002f64                FLASH_IRQHandler
                0x0000000008002f64                USART1_IRQHandler
 *fill*         0x0000000008002f66        0x2 
 .text.HAL_InitTick
                0x0000000008002f68       0x50 Drivers/STM32F0xx_HAL_Driver/Src/stm32f0xx_hal.o
                0x0000000008002f68                HAL_InitTick
 .text.HAL_Init
                0x0000000008002fb8       0x20 Drivers/STM32F0xx_HAL_Driver/Src/stm32f0xx_hal.o
                0x0000000008002fb8                HAL_Init
 .text.HAL_IncTick
                0x0000000008002fd8       0x18 Drivers/STM32F0xx_HAL_Driver/Src/stm32f0xx_hal.o
                0x0000000008002fd8                HAL_IncTick
 .text.HAL_GetTick
                0x0000000008002ff0        0xc Drivers/STM32F0xx_HAL_Driver/Src/stm32f0xx_hal.o
                0x0000000008002ff0                HAL_GetTick
 .text.HAL_Delay
                0x0000000008002ffc       0x24 Drivers/STM32F0xx_HAL_Driver/Src/stm32f0xx_hal.o
                0x0000000008002ffc                HAL_Delay
 .text.HAL_NVIC_SetPriority
                0x0000000008003020       0x64 Drivers/STM32F0xx_HAL_Driver/Src/stm32f0xx_hal_cortex.o
                0x0000000008003020                HAL_NVIC_SetPriority
 .text.HAL_NVIC_EnableIRQ
                0x0000000008003084       0x18 Drivers/STM32F0xx_HAL_Driver/Src/stm32f0xx_hal_cortex.o
                0x0000000008003084                HAL_NVIC_EnableIRQ
 .text.HAL_SYSTICK_Config
                0x000000000800309c       0x38 Drivers/STM32F0xx_HAL_Driver/Src/stm32f0xx_hal_cortex.o
                0x000000000800309c                HAL_SYSTICK_Config
 .text.HAL_GPIO_Init
                0x00000000080030d4      0x18c Drivers/STM32F0xx_HAL_Driver/Src/stm32f0xx_hal_gpio.o
                0x00000000080030d4                HAL_GPIO_Init
 .text.HAL_GPIO_ReadPin
                0x0000000008003260        0xe Drivers/STM32F0xx_HAL_Driver/Src/stm32f0xx_hal_gpio.o
                0x0000000008003260                HAL_GPIO_ReadPin
 .text.HAL_GPIO_WritePin
                0x000000000800326e        0xc Drivers/STM32F0xx_HAL_Driver/Src/stm32f0xx_hal_gpio.o
                0x000000000800326e                HAL_GPIO_WritePin
 .text.HAL_GPIO_TogglePin
                0x000000000800327a       0x10 Drivers/STM32F0xx_HAL_Driver/Src/stm32f0xx_hal_gpio.o
                0x000000000800327a                HAL_GPIO_TogglePin
 .text.I2C_Flush_TXDR
                0x000000000800328a       0x1e Drivers/STM32F0xx_HAL_Driver/Src/stm32f0xx_hal_i2c.o
 .text.I2C_TransferConfig
                0x00000000080032a8       0x2c Drivers/STM32F0xx_HAL_Driver/Src/stm32f0xx_hal_i2c.o
 .text.I2C_IsAcknowledgeFailed
                0x00000000080032d4       0x80 Drivers/STM32F0xx_HAL_Driver/Src/stm32f0xx_hal_i2c.o
 .text.I2C_WaitOnTXISFlagUntilTimeout
                0x0000000008003354       0x52 Drivers/STM32F0xx_HAL_Driver/Src/stm32f0xx_hal_i2c.o
 .text.I2C_WaitOnFlagUntilTimeout
                0x00000000080033a6       0x4c Drivers/STM32F0xx_HAL_Driver/Src/stm32f0xx_hal_i2c.o
 *fill*         0x00000000080033f2        0x2 
 .text.I2C_RequestMemoryWrite
                0x00000000080033f4       0x74 Drivers/STM32F0xx_HAL_Driver/Src/stm32f0xx_hal_i2c.o
 .text.I2C_RequestMemoryRead
                0x0000000008003468       0x70 Drivers/STM32F0xx_HAL_Driver/Src/stm32f0xx_hal_i2c.o
 .text.I2C_WaitOnSTOPFlagUntilTimeout
                0x00000000080034d8       0x4e Drivers/STM32F0xx_HAL_Driver/Src/stm32f0xx_hal_i2c.o
 *fill*         0x0000000008003526        0x2 
 .text.HAL_I2C_Init
                0x0000000008003528       0xcc Drivers/STM32F0xx_HAL_Driver/Src/stm32f0xx_hal_i2c.o
                0x0000000008003528                HAL_I2C_Init
 .text.HAL_I2C_Mem_Write
                0x00000000080035f4      0x1a0 Drivers/STM32F0xx_HAL_Driver/Src/stm32f0xx_hal_i2c.o
                0x00000000080035f4                HAL_I2C_Mem_Write
 .text.HAL_I2C_Mem_Read
                0x0000000008003794      0x1a8 Drivers/STM32F0xx_HAL_Driver/Src/stm32f0xx_hal_i2c.o
                0x0000000008003794                HAL_I2C_Mem_Read
 .text.HAL_I2CEx_ConfigAnalogFilter
                0x000000000800393c       0x58 Drivers/STM32F0xx_HAL_Driver/Src/stm32f0xx_hal_i2c_ex.o
                0x000000000800393c                HAL_I2CEx_ConfigAnalogFilter
 .text.HAL_I2CEx_ConfigDigitalFilter
                0x0000000008003994       0x54 Drivers/STM32F0xx_HAL_Driver/Src/stm32f0xx_hal_i2c_ex.o
                0x0000000008003994                HAL_I2CEx_ConfigDigitalFilter
 .text.HAL_RCC_OscConfig
                0x00000000080039e8      0x498 Drivers/STM32F0xx_HAL_Driver/Src/stm32f0xx_hal_rcc.o
                0x00000000080039e8                HAL_RCC_OscConfig
 .text.HAL_RCC_EnableCSS
                0x0000000008003e80       0x14 Drivers/STM32F0xx_HAL_Driver/Src/stm32f0xx_hal_rcc.o
                0x0000000008003e80                HAL_RCC_EnableCSS
 .text.HAL_RCC_GetSysClockFreq
                0x0000000008003e94       0x70 Drivers/STM32F0xx_HAL_Driver/Src/stm32f0xx_hal_rcc.o
                0x0000000008003e94                HAL_RCC_GetSysClockFreq
 .text.HAL_RCC_ClockConfig
                0x0000000008003f04      0x130 Drivers/STM32F0xx_HAL_Driver/Src/stm32f0xx_hal_rcc.o
                0x0000000008003f04                HAL_RCC_ClockConfig
 .text.HAL_RCC_CSSCallback
                0x0000000008004034        0x2 Drivers/STM32F0xx_HAL_Driver/Src/stm32f0xx_hal_rcc.o
                0x0000000008004034                HAL_RCC_CSSCallback
 *fill*         0x0000000008004036        0x2 
 .text.HAL_RCC_NMI_IRQHandler
                0x0000000008004038       0x20 Drivers/STM32F0xx_HAL_Driver/Src/stm32f0xx_hal_rcc.o
                0x0000000008004038                HAL_RCC_NMI_IRQHandler
 .text.HAL_RCCEx_PeriphCLKConfig
                0x0000000008004058      0x118 Drivers/STM32F0xx_HAL_Driver/Src/stm32f0xx_hal_rcc_ex.o
                0x0000000008004058                HAL_RCCEx_PeriphCLKConfig
 .text.SPI_WaitFlagStateUntilTimeout
                0x0000000008004170       0xe0 Drivers/STM32F0xx_HAL_Driver/Src/stm32f0xx_hal_spi.o
 .text.SPI_WaitFifoStateUntilTimeout
                0x0000000008004250       0xf4 Drivers/STM32F0xx_HAL_Driver/Src/stm32f0xx_hal_spi.o
 .text.SPI_EndRxTxTransaction
                0x0000000008004344       0x68 Drivers/STM32F0xx_HAL_Driver/Src/stm32f0xx_hal_spi.o
 .text.SPI_EndRxTransaction
                0x00000000080043ac       0x90 Drivers/STM32F0xx_HAL_Driver/Src/stm32f0xx_hal_spi.o
 .text.HAL_SPI_Init
                0x000000000800443c      0x104 Drivers/STM32F0xx_HAL_Driver/Src/stm32f0xx_hal_spi.o
                0x000000000800443c                HAL_SPI_Init
 .text.HAL_SPI_Transmit
                0x0000000008004540      0x1a8 Drivers/STM32F0xx_HAL_Driver/Src/stm32f0xx_hal_spi.o
                0x0000000008004540                HAL_SPI_Transmit
 .text.HAL_SPI_TransmitReceive
                0x00000000080046e8      0x24c Drivers/STM32F0xx_HAL_Driver/Src/stm32f0xx_hal_spi.o
                0x00000000080046e8                HAL_SPI_TransmitReceive
 .text.HAL_SPI_Receive
                0x0000000008004934      0x1a8 Drivers/STM32F0xx_HAL_Driver/Src/stm32f0xx_hal_spi.o
                0x0000000008004934                HAL_SPI_Receive
 .text.TIM_TI1_ConfigInputStage
                0x0000000008004adc       0x22 Drivers/STM32F0xx_HAL_Driver/Src/stm32f0xx_hal_tim.o
 *fill*         0x0000000008004afe        0x2 
 .text.TIM_TI2_ConfigInputStage
                0x0000000008004b00       0x28 Drivers/STM32F0xx_HAL_Driver/Src/stm32f0xx_hal_tim.o
 .text.TIM_ITRx_SetConfig
                0x0000000008004b28       0x12 Drivers/STM32F0xx_HAL_Driver/Src/stm32f0xx_hal_tim.o
 *fill*         0x0000000008004b3a        0x2 
 .text.HAL_TIM_Base_Start_IT
                0x0000000008004b3c       0x64 Drivers/STM32F0xx_HAL_Driver/Src/stm32f0xx_hal_tim.o
                0x0000000008004b3c                HAL_TIM_Base_Start_IT
 .text.HAL_TIM_Base_Stop_IT
                0x0000000008004ba0       0x38 Drivers/STM32F0xx_HAL_Driver/Src/stm32f0xx_hal_tim.o
                0x0000000008004ba0                HAL_TIM_Base_Stop_IT
 .text.HAL_TIM_OC_DelayElapsedCallback
                0x0000000008004bd8        0x2 Drivers/STM32F0xx_HAL_Driver/Src/stm32f0xx_hal_tim.o
                0x0000000008004bd8                HAL_TIM_OC_DelayElapsedCallback
 .text.HAL_TIM_IC_CaptureCallback
                0x0000000008004bda        0x2 Drivers/STM32F0xx_HAL_Driver/Src/stm32f0xx_hal_tim.o
                0x0000000008004bda                HAL_TIM_IC_CaptureCallback
 .text.HAL_TIM_PWM_PulseFinishedCallback
                0x0000000008004bdc        0x2 Drivers/STM32F0xx_HAL_Driver/Src/stm32f0xx_hal_tim.o
                0x0000000008004bdc                HAL_TIM_PWM_PulseFinishedCallback
 .text.HAL_TIM_TriggerCallback
                0x0000000008004bde        0x2 Drivers/STM32F0xx_HAL_Driver/Src/stm32f0xx_hal_tim.o
                0x0000000008004bde                HAL_TIM_TriggerCallback
 .text.HAL_TIM_IRQHandler
                0x0000000008004be0      0x15a Drivers/STM32F0xx_HAL_Driver/Src/stm32f0xx_hal_tim.o
                0x0000000008004be0                HAL_TIM_IRQHandler
 *fill*         0x0000000008004d3a        0x2 
 .text.TIM_Base_SetConfig
                0x0000000008004d3c       0x94 Drivers/STM32F0xx_HAL_Driver/Src/stm32f0xx_hal_tim.o
                0x0000000008004d3c                TIM_Base_SetConfig
 .text.HAL_TIM_Base_Init
                0x0000000008004dd0       0x58 Drivers/STM32F0xx_HAL_Driver/Src/stm32f0xx_hal_tim.o
                0x0000000008004dd0                HAL_TIM_Base_Init
 .text.TIM_ETR_SetConfig
                0x0000000008004e28       0x18 Drivers/STM32F0xx_HAL_Driver/Src/stm32f0xx_hal_tim.o
                0x0000000008004e28                TIM_ETR_SetConfig
 .text.HAL_TIM_ConfigClockSource
                0x0000000008004e40       0xe4 Drivers/STM32F0xx_HAL_Driver/Src/stm32f0xx_hal_tim.o
                0x0000000008004e40                HAL_TIM_ConfigClockSource
 .text.HAL_TIMEx_MasterConfigSynchronization
                0x0000000008004f24       0x64 Drivers/STM32F0xx_HAL_Driver/Src/stm32f0xx_hal_tim_ex.o
                0x0000000008004f24                HAL_TIMEx_MasterConfigSynchronization
 .text.HAL_TIMEx_CommutCallback
                0x0000000008004f88        0x2 Drivers/STM32F0xx_HAL_Driver/Src/stm32f0xx_hal_tim_ex.o
                0x0000000008004f88                HAL_TIMEx_CommutCallback
 .text.HAL_TIMEx_BreakCallback
                0x0000000008004f8a        0x2 Drivers/STM32F0xx_HAL_Driver/Src/stm32f0xx_hal_tim_ex.o
                0x0000000008004f8a                HAL_TIMEx_BreakCallback
 .text.__errno  0x0000000008004f8c        0xc c:/st/stm32cubeide_1.4.0/stm32cubeide/plugins/com.st.stm32cube.ide.mcu.externaltools.gnu-tools-for-stm32.7-2018-q2-update.win32_1.5.0.202011040924/tools/bin/../lib/gcc/arm-none-eabi/7.3.1/../../../../arm-none-eabi/lib/thumb/v6-m\libc_nano.a(lib_a-errno.o)
                0x0000000008004f8c                __errno
 .text.__libc_init_array
                0x0000000008004f98       0x48 c:/st/stm32cubeide_1.4.0/stm32cubeide/plugins/com.st.stm32cube.ide.mcu.externaltools.gnu-tools-for-stm32.7-2018-q2-update.win32_1.5.0.202011040924/tools/bin/../lib/gcc/arm-none-eabi/7.3.1/../../../../arm-none-eabi/lib/thumb/v6-m\libc_nano.a(lib_a-init.o)
                0x0000000008004f98                __libc_init_array
 .text.memcpy   0x0000000008004fe0       0x12 c:/st/stm32cubeide_1.4.0/stm32cubeide/plugins/com.st.stm32cube.ide.mcu.externaltools.gnu-tools-for-stm32.7-2018-q2-update.win32_1.5.0.202011040924/tools/bin/../lib/gcc/arm-none-eabi/7.3.1/../../../../arm-none-eabi/lib/thumb/v6-m\libc_nano.a(lib_a-memcpy-stub.o)
                0x0000000008004fe0                memcpy
 .text.memset   0x0000000008004ff2       0x10 c:/st/stm32cubeide_1.4.0/stm32cubeide/plugins/com.st.stm32cube.ide.mcu.externaltools.gnu-tools-for-stm32.7-2018-q2-update.win32_1.5.0.202011040924/tools/bin/../lib/gcc/arm-none-eabi/7.3.1/../../../../arm-none-eabi/lib/thumb/v6-m\libc_nano.a(lib_a-memset.o)
                0x0000000008004ff2                memset
 *fill*         0x0000000008005002        0x2 
 .text._free_r  0x0000000008005004       0x94 c:/st/stm32cubeide_1.4.0/stm32cubeide/plugins/com.st.stm32cube.ide.mcu.externaltools.gnu-tools-for-stm32.7-2018-q2-update.win32_1.5.0.202011040924/tools/bin/../lib/gcc/arm-none-eabi/7.3.1/../../../../arm-none-eabi/lib/thumb/v6-m\libc_nano.a(lib_a-nano-freer.o)
                0x0000000008005004                _free_r
 .text._malloc_r
                0x0000000008005098       0xbc c:/st/stm32cubeide_1.4.0/stm32cubeide/plugins/com.st.stm32cube.ide.mcu.externaltools.gnu-tools-for-stm32.7-2018-q2-update.win32_1.5.0.202011040924/tools/bin/../lib/gcc/arm-none-eabi/7.3.1/../../../../arm-none-eabi/lib/thumb/v6-m\libc_nano.a(lib_a-nano-mallocr.o)
                0x0000000008005098                _malloc_r
 .text._sbrk_r  0x0000000008005154       0x24 c:/st/stm32cubeide_1.4.0/stm32cubeide/plugins/com.st.stm32cube.ide.mcu.externaltools.gnu-tools-for-stm32.7-2018-q2-update.win32_1.5.0.202011040924/tools/bin/../lib/gcc/arm-none-eabi/7.3.1/../../../../arm-none-eabi/lib/thumb/v6-m\libc_nano.a(lib_a-sbrkr.o)
                0x0000000008005154                _sbrk_r
 .text.sprintf  0x0000000008005178       0x40 c:/st/stm32cubeide_1.4.0/stm32cubeide/plugins/com.st.stm32cube.ide.mcu.externaltools.gnu-tools-for-stm32.7-2018-q2-update.win32_1.5.0.202011040924/tools/bin/../lib/gcc/arm-none-eabi/7.3.1/../../../../arm-none-eabi/lib/thumb/v6-m\libc_nano.a(lib_a-sprintf.o)
                0x0000000008005178                siprintf
                0x0000000008005178                sprintf
 .text.strcat   0x00000000080051b8       0x1c c:/st/stm32cubeide_1.4.0/stm32cubeide/plugins/com.st.stm32cube.ide.mcu.externaltools.gnu-tools-for-stm32.7-2018-q2-update.win32_1.5.0.202011040924/tools/bin/../lib/gcc/arm-none-eabi/7.3.1/../../../../arm-none-eabi/lib/thumb/v6-m\libc_nano.a(lib_a-strcat.o)
                0x00000000080051b8                strcat
 .text.strcpy   0x00000000080051d4       0x10 c:/st/stm32cubeide_1.4.0/stm32cubeide/plugins/com.st.stm32cube.ide.mcu.externaltools.gnu-tools-for-stm32.7-2018-q2-update.win32_1.5.0.202011040924/tools/bin/../lib/gcc/arm-none-eabi/7.3.1/../../../../arm-none-eabi/lib/thumb/v6-m\libc_nano.a(lib_a-strcpy.o)
                0x00000000080051d4                strcpy
 .text.__malloc_lock
                0x00000000080051e4        0x2 c:/st/stm32cubeide_1.4.0/stm32cubeide/plugins/com.st.stm32cube.ide.mcu.externaltools.gnu-tools-for-stm32.7-2018-q2-update.win32_1.5.0.202011040924/tools/bin/../lib/gcc/arm-none-eabi/7.3.1/../../../../arm-none-eabi/lib/thumb/v6-m\libc_nano.a(lib_a-mlock.o)
                0x00000000080051e4                __malloc_lock
 .text.__malloc_unlock
                0x00000000080051e6        0x2 c:/st/stm32cubeide_1.4.0/stm32cubeide/plugins/com.st.stm32cube.ide.mcu.externaltools.gnu-tools-for-stm32.7-2018-q2-update.win32_1.5.0.202011040924/tools/bin/../lib/gcc/arm-none-eabi/7.3.1/../../../../arm-none-eabi/lib/thumb/v6-m\libc_nano.a(lib_a-mlock.o)
                0x00000000080051e6                __malloc_unlock
 .text.__ssputs_r
                0x00000000080051e8       0xc4 c:/st/stm32cubeide_1.4.0/stm32cubeide/plugins/com.st.stm32cube.ide.mcu.externaltools.gnu-tools-for-stm32.7-2018-q2-update.win32_1.5.0.202011040924/tools/bin/../lib/gcc/arm-none-eabi/7.3.1/../../../../arm-none-eabi/lib/thumb/v6-m\libc_nano.a(lib_a-nano-svfprintf.o)
                0x00000000080051e8                __ssputs_r
 .text._svfprintf_r
                0x00000000080052ac      0x1fc c:/st/stm32cubeide_1.4.0/stm32cubeide/plugins/com.st.stm32cube.ide.mcu.externaltools.gnu-tools-for-stm32.7-2018-q2-update.win32_1.5.0.202011040924/tools/bin/../lib/gcc/arm-none-eabi/7.3.1/../../../../arm-none-eabi/lib/thumb/v6-m\libc_nano.a(lib_a-nano-svfprintf.o)
                0x00000000080052ac                _svfiprintf_r
                0x00000000080052ac                _svfprintf_r
 .text._printf_common
                0x00000000080054a8       0xda c:/st/stm32cubeide_1.4.0/stm32cubeide/plugins/com.st.stm32cube.ide.mcu.externaltools.gnu-tools-for-stm32.7-2018-q2-update.win32_1.5.0.202011040924/tools/bin/../lib/gcc/arm-none-eabi/7.3.1/../../../../arm-none-eabi/lib/thumb/v6-m\libc_nano.a(lib_a-nano-vfprintf_i.o)
                0x00000000080054a8                _printf_common
 *fill*         0x0000000008005582        0x2 
 .text._printf_i
                0x0000000008005584      0x210 c:/st/stm32cubeide_1.4.0/stm32cubeide/plugins/com.st.stm32cube.ide.mcu.externaltools.gnu-tools-for-stm32.7-2018-q2-update.win32_1.5.0.202011040924/tools/bin/../lib/gcc/arm-none-eabi/7.3.1/../../../../arm-none-eabi/lib/thumb/v6-m\libc_nano.a(lib_a-nano-vfprintf_i.o)
                0x0000000008005584                _printf_i
 .text.memchr   0x0000000008005794       0x16 c:/st/stm32cubeide_1.4.0/stm32cubeide/plugins/com.st.stm32cube.ide.mcu.externaltools.gnu-tools-for-stm32.7-2018-q2-update.win32_1.5.0.202011040924/tools/bin/../lib/gcc/arm-none-eabi/7.3.1/../../../../arm-none-eabi/lib/thumb/v6-m\libc_nano.a(lib_a-memchr-stub.o)
                0x0000000008005794                memchr
 .text.memmove  0x00000000080057aa       0x26 c:/st/stm32cubeide_1.4.0/stm32cubeide/plugins/com.st.stm32cube.ide.mcu.externaltools.gnu-tools-for-stm32.7-2018-q2-update.win32_1.5.0.202011040924/tools/bin/../lib/gcc/arm-none-eabi/7.3.1/../../../../arm-none-eabi/lib/thumb/v6-m\libc_nano.a(lib_a-memmove.o)
                0x00000000080057aa                memmove
 .text._realloc_r
                0x00000000080057d0       0x4c c:/st/stm32cubeide_1.4.0/stm32cubeide/plugins/com.st.stm32cube.ide.mcu.externaltools.gnu-tools-for-stm32.7-2018-q2-update.win32_1.5.0.202011040924/tools/bin/../lib/gcc/arm-none-eabi/7.3.1/../../../../arm-none-eabi/lib/thumb/v6-m\libc_nano.a(lib_a-nano-reallocr.o)
                0x00000000080057d0                _realloc_r
 .text._malloc_usable_size_r
                0x000000000800581c       0x10 c:/st/stm32cubeide_1.4.0/stm32cubeide/plugins/com.st.stm32cube.ide.mcu.externaltools.gnu-tools-for-stm32.7-2018-q2-update.win32_1.5.0.202011040924/tools/bin/../lib/gcc/arm-none-eabi/7.3.1/../../../../arm-none-eabi/lib/thumb/v6-m\libc_nano.a(lib_a-nano-msizer.o)
                0x000000000800581c                _malloc_usable_size_r
 *(.glue_7)
 .glue_7        0x000000000800582c        0x0 linker stubs
 *(.glue_7t)
 .glue_7t       0x000000000800582c        0x0 linker stubs
 *(.eh_frame)
 .eh_frame      0x000000000800582c        0x0 c:/st/stm32cubeide_1.4.0/stm32cubeide/plugins/com.st.stm32cube.ide.mcu.externaltools.gnu-tools-for-stm32.7-2018-q2-update.win32_1.5.0.202011040924/tools/bin/../lib/gcc/arm-none-eabi/7.3.1/thumb/v6-m/crtbegin.o
 *(.init)
 .init          0x000000000800582c        0x4 c:/st/stm32cubeide_1.4.0/stm32cubeide/plugins/com.st.stm32cube.ide.mcu.externaltools.gnu-tools-for-stm32.7-2018-q2-update.win32_1.5.0.202011040924/tools/bin/../lib/gcc/arm-none-eabi/7.3.1/thumb/v6-m/crti.o
                0x000000000800582c                _init
 .init          0x0000000008005830        0x8 c:/st/stm32cubeide_1.4.0/stm32cubeide/plugins/com.st.stm32cube.ide.mcu.externaltools.gnu-tools-for-stm32.7-2018-q2-update.win32_1.5.0.202011040924/tools/bin/../lib/gcc/arm-none-eabi/7.3.1/thumb/v6-m/crtn.o
 *(.fini)
 .fini          0x0000000008005838        0x4 c:/st/stm32cubeide_1.4.0/stm32cubeide/plugins/com.st.stm32cube.ide.mcu.externaltools.gnu-tools-for-stm32.7-2018-q2-update.win32_1.5.0.202011040924/tools/bin/../lib/gcc/arm-none-eabi/7.3.1/thumb/v6-m/crti.o
                0x0000000008005838                _fini
 .fini          0x000000000800583c        0x8 c:/st/stm32cubeide_1.4.0/stm32cubeide/plugins/com.st.stm32cube.ide.mcu.externaltools.gnu-tools-for-stm32.7-2018-q2-update.win32_1.5.0.202011040924/tools/bin/../lib/gcc/arm-none-eabi/7.3.1/thumb/v6-m/crtn.o
                0x0000000008005844                . = ALIGN (0x4)
                0x0000000008005844                _etext = .

.vfp11_veneer   0x0000000008005844        0x0
 .vfp11_veneer  0x0000000008005844        0x0 linker stubs

.v4_bx          0x0000000008005844        0x0
 .v4_bx         0x0000000008005844        0x0 linker stubs

.iplt           0x0000000008005844        0x0
 .iplt          0x0000000008005844        0x0 c:/st/stm32cubeide_1.4.0/stm32cubeide/plugins/com.st.stm32cube.ide.mcu.externaltools.gnu-tools-for-stm32.7-2018-q2-update.win32_1.5.0.202011040924/tools/bin/../lib/gcc/arm-none-eabi/7.3.1/thumb/v6-m/crtbegin.o

.rodata         0x0000000008005844     0x10d4
                0x0000000008005844                . = ALIGN (0x4)
 *(.rodata)
 .rodata        0x0000000008005844       0x43 Core/Src/ili9341.o
 *fill*         0x0000000008005887        0x1 
 .rodata        0x0000000008005888        0x5 Core/Src/max_31855.o
 *fill*         0x000000000800588d        0x3 
 .rodata        0x0000000008005890       0x20 Drivers/STM32F0xx_HAL_Driver/Src/stm32f0xx_hal_rcc.o
 .rodata        0x00000000080058b0       0x80 c:/st/stm32cubeide_1.4.0/stm32cubeide/plugins/com.st.stm32cube.ide.mcu.externaltools.gnu-tools-for-stm32.7-2018-q2-update.win32_1.5.0.202011040924/tools/bin/../lib/gcc/arm-none-eabi/7.3.1/thumb/v6-m\libgcc.a(divsf3.o)
 .rodata        0x0000000008005930       0x40 c:/st/stm32cubeide_1.4.0/stm32cubeide/plugins/com.st.stm32cube.ide.mcu.externaltools.gnu-tools-for-stm32.7-2018-q2-update.win32_1.5.0.202011040924/tools/bin/../lib/gcc/arm-none-eabi/7.3.1/thumb/v6-m\libgcc.a(mulsf3.o)
 *(.rodata*)
 .rodata.Font11x18
                0x0000000008005970      0xd5c Core/Src/fonts.o
                0x0000000008005970                Font11x18
 .rodata.init.str1.4
                0x00000000080066cc        0xb Core/Src/main.o
 *fill*         0x00000000080066d7        0x1 
 .rodata.ReadTemperature.str1.4
                0x00000000080066d8        0x4 Core/Src/max_31855.o
 .rodata.MachineProcess
                0x00000000080066dc       0x34 Core/Src/menu_display.o
 .rodata.MachineProcess.str1.4
                0x0000000008006710       0xe8 Core/Src/menu_display.o
                                         0xe5 (size before relaxing)
 .rodata.mainmenu
                0x00000000080067f8       0xdc Core/Src/menu_display.o
                0x00000000080067f8                mainmenu
 .rodata.AHBPrescTable
                0x00000000080068d4       0x10 Core/Src/system_stm32f0xx.o
                0x00000000080068d4                AHBPrescTable
 .rodata._svfprintf_r.str1.1
                0x00000000080068e4       0x11 c:/st/stm32cubeide_1.4.0/stm32cubeide/plugins/com.st.stm32cube.ide.mcu.externaltools.gnu-tools-for-stm32.7-2018-q2-update.win32_1.5.0.202011040924/tools/bin/../lib/gcc/arm-none-eabi/7.3.1/../../../../arm-none-eabi/lib/thumb/v6-m\libc_nano.a(lib_a-nano-svfprintf.o)
 .rodata._printf_i.str1.1
                0x00000000080068f5       0x22 c:/st/stm32cubeide_1.4.0/stm32cubeide/plugins/com.st.stm32cube.ide.mcu.externaltools.gnu-tools-for-stm32.7-2018-q2-update.win32_1.5.0.202011040924/tools/bin/../lib/gcc/arm-none-eabi/7.3.1/../../../../arm-none-eabi/lib/thumb/v6-m\libc_nano.a(lib_a-nano-vfprintf_i.o)
                0x0000000008006918                . = ALIGN (0x4)
 *fill*         0x0000000008006917        0x1 

.rel.dyn        0x0000000008006918        0x0
 .rel.iplt      0x0000000008006918        0x0 c:/st/stm32cubeide_1.4.0/stm32cubeide/plugins/com.st.stm32cube.ide.mcu.externaltools.gnu-tools-for-stm32.7-2018-q2-update.win32_1.5.0.202011040924/tools/bin/../lib/gcc/arm-none-eabi/7.3.1/thumb/v6-m/crtbegin.o

.ARM.extab      0x0000000008006918        0x0
                0x0000000008006918                . = ALIGN (0x4)
 *(.ARM.extab* .gnu.linkonce.armextab.*)
                0x0000000008006918                . = ALIGN (0x4)

.ARM            0x0000000008006918        0x0
                0x0000000008006918                . = ALIGN (0x4)
                0x0000000008006918                __exidx_start = .
 *(.ARM.exidx*)
                0x0000000008006918                __exidx_end = .
                0x0000000008006918                . = ALIGN (0x4)

.preinit_array  0x0000000008006918        0x0
                0x0000000008006918                . = ALIGN (0x4)
                0x0000000008006918                PROVIDE (__preinit_array_start = .)
 *(.preinit_array*)
                0x0000000008006918                PROVIDE (__preinit_array_end = .)
                0x0000000008006918                . = ALIGN (0x4)

.init_array     0x0000000008006918        0x4
                0x0000000008006918                . = ALIGN (0x4)
                0x0000000008006918                PROVIDE (__init_array_start = .)
 *(SORT_BY_NAME(.init_array.*))
 *(.init_array*)
 .init_array    0x0000000008006918        0x4 c:/st/stm32cubeide_1.4.0/stm32cubeide/plugins/com.st.stm32cube.ide.mcu.externaltools.gnu-tools-for-stm32.7-2018-q2-update.win32_1.5.0.202011040924/tools/bin/../lib/gcc/arm-none-eabi/7.3.1/thumb/v6-m/crtbegin.o
                0x000000000800691c                PROVIDE (__init_array_end = .)
                0x000000000800691c                . = ALIGN (0x4)

.fini_array     0x000000000800691c        0x4
                0x000000000800691c                . = ALIGN (0x4)
                [!provide]                        PROVIDE (__fini_array_start = .)
 *(SORT_BY_NAME(.fini_array.*))
 *(.fini_array*)
 .fini_array    0x000000000800691c        0x4 c:/st/stm32cubeide_1.4.0/stm32cubeide/plugins/com.st.stm32cube.ide.mcu.externaltools.gnu-tools-for-stm32.7-2018-q2-update.win32_1.5.0.202011040924/tools/bin/../lib/gcc/arm-none-eabi/7.3.1/thumb/v6-m/crtbegin.o
                [!provide]                        PROVIDE (__fini_array_end = .)
                0x0000000008006920                . = ALIGN (0x4)
                0x0000000008006920                _sidata = LOADADDR (.data)

.data           0x0000000020000000       0x74 load address 0x0000000008006920
                0x0000000020000000                . = ALIGN (0x4)
                0x0000000020000000                _sdata = .
 *(.data)
 *(.data*)
 .data.printState
                0x0000000020000000        0x1 Core/Src/menu_display.o
                0x0000000020000000                printState
 *fill*         0x0000000020000001        0x3 
 .data.SystemCoreClock
                0x0000000020000004        0x4 Core/Src/system_stm32f0xx.o
                0x0000000020000004                SystemCoreClock
 .data.uwTickFreq
                0x0000000020000008        0x1 Drivers/STM32F0xx_HAL_Driver/Src/stm32f0xx_hal.o
                0x0000000020000008                uwTickFreq
 *fill*         0x0000000020000009        0x3 
 .data.uwTickPrio
                0x000000002000000c        0x4 Drivers/STM32F0xx_HAL_Driver/Src/stm32f0xx_hal.o
                0x000000002000000c                uwTickPrio
 .data._impure_ptr
                0x0000000020000010        0x4 c:/st/stm32cubeide_1.4.0/stm32cubeide/plugins/com.st.stm32cube.ide.mcu.externaltools.gnu-tools-for-stm32.7-2018-q2-update.win32_1.5.0.202011040924/tools/bin/../lib/gcc/arm-none-eabi/7.3.1/../../../../arm-none-eabi/lib/thumb/v6-m\libc_nano.a(lib_a-impure.o)
                0x0000000020000010                _impure_ptr
 .data.impure_data
                0x0000000020000014       0x60 c:/st/stm32cubeide_1.4.0/stm32cubeide/plugins/com.st.stm32cube.ide.mcu.externaltools.gnu-tools-for-stm32.7-2018-q2-update.win32_1.5.0.202011040924/tools/bin/../lib/gcc/arm-none-eabi/7.3.1/../../../../arm-none-eabi/lib/thumb/v6-m\libc_nano.a(lib_a-impure.o)
                0x0000000020000074                . = ALIGN (0x4)
                0x0000000020000074                _edata = .

.igot.plt       0x0000000020000074        0x0 load address 0x0000000008006994
 .igot.plt      0x0000000020000074        0x0 c:/st/stm32cubeide_1.4.0/stm32cubeide/plugins/com.st.stm32cube.ide.mcu.externaltools.gnu-tools-for-stm32.7-2018-q2-update.win32_1.5.0.202011040924/tools/bin/../lib/gcc/arm-none-eabi/7.3.1/thumb/v6-m/crtbegin.o
                0x0000000020000074                . = ALIGN (0x4)

.bss            0x0000000020000074      0x6a4 load address 0x0000000008006994
                0x0000000020000074                _sbss = .
                0x0000000020000074                __bss_start__ = _sbss
 *(.bss)
 .bss           0x0000000020000074       0x1c c:/st/stm32cubeide_1.4.0/stm32cubeide/plugins/com.st.stm32cube.ide.mcu.externaltools.gnu-tools-for-stm32.7-2018-q2-update.win32_1.5.0.202011040924/tools/bin/../lib/gcc/arm-none-eabi/7.3.1/thumb/v6-m/crtbegin.o
 *(.bss*)
 .bss.ee24_lock
                0x0000000020000090        0x1 Core/Src/eeprom.o
                0x0000000020000090                ee24_lock
 .bss.Chamber1_flag
                0x0000000020000091        0x1 Core/Src/main.o
                0x0000000020000091                Chamber1_flag
 .bss.Chamber2_flag
                0x0000000020000092        0x1 Core/Src/main.o
                0x0000000020000092                Chamber2_flag
 .bss.Chamber3_flag
                0x0000000020000093        0x1 Core/Src/main.o
                0x0000000020000093                Chamber3_flag
 .bss.Chamber4_flag
                0x0000000020000094        0x1 Core/Src/main.o
                0x0000000020000094                Chamber4_flag
 .bss.TIM1_flag
                0x0000000020000095        0x1 Core/Src/main.o
                0x0000000020000095                TIM1_flag
 .bss.level_f   0x0000000020000096        0x1 Core/Src/main.o
                0x0000000020000096                level_f
 *fill*         0x0000000020000097        0x1 
 .bss.step_angle
                0x0000000020000098        0x4 Core/Src/main.o
                0x0000000020000098                step_angle
 .bss.pTemp     0x000000002000009c        0x4 Core/Src/max_31855.o
                0x000000002000009c                pTemp
 .bss.currentMachineState
                0x00000000200000a0        0x1 Core/Src/menu_display.o
                0x00000000200000a0                currentMachineState
 .bss.machineState
                0x00000000200000a1        0x1 Core/Src/menu_display.o
                0x00000000200000a1                machineState
 .bss.previousMachineState
                0x00000000200000a2        0x1 Core/Src/menu_display.o
                0x00000000200000a2                previousMachineState
 *fill*         0x00000000200000a3        0x1 
 .bss.Timer1_Count
                0x00000000200000a4        0x4 Core/Src/stm32f0xx_it.o
                0x00000000200000a4                Timer1_Count
 .bss.heap_end.5149
                0x00000000200000a8        0x4 Core/Src/sysmem.o
 .bss.__malloc_free_list
                0x00000000200000ac        0x4 c:/st/stm32cubeide_1.4.0/stm32cubeide/plugins/com.st.stm32cube.ide.mcu.externaltools.gnu-tools-for-stm32.7-2018-q2-update.win32_1.5.0.202011040924/tools/bin/../lib/gcc/arm-none-eabi/7.3.1/../../../../arm-none-eabi/lib/thumb/v6-m\libc_nano.a(lib_a-nano-mallocr.o)
                0x00000000200000ac                __malloc_free_list
 .bss.__malloc_sbrk_start
                0x00000000200000b0        0x4 c:/st/stm32cubeide_1.4.0/stm32cubeide/plugins/com.st.stm32cube.ide.mcu.externaltools.gnu-tools-for-stm32.7-2018-q2-update.win32_1.5.0.202011040924/tools/bin/../lib/gcc/arm-none-eabi/7.3.1/../../../../arm-none-eabi/lib/thumb/v6-m\libc_nano.a(lib_a-nano-mallocr.o)
                0x00000000200000b0                __malloc_sbrk_start
 *(COMMON)
 COMMON         0x00000000200000b4      0x159 Core/Src/eeprom.o
                0x00000000200000b4                eeprom_buff_writeBuff
                0x00000000200000b6                CheckDoubleDip
                0x00000000200000b8                temp_num_buf
                0x00000000200000c2                ResetButtonPressed
                0x00000000200000c4                temp_buff
                0x000000002000018c                eeprom_buff_read
                0x000000002000018e                CheckHoldingTime
                0x0000000020000190                upmaCnt
                0x0000000020000194                reverse_callback
                0x0000000020000196                lastCount
                0x0000000020000198                forward_callback
                0x000000002000019a                retVal
                0x000000002000019c                rCount
                0x00000000200001a0                temp_buff1
                0x00000000200001d2                displayProcessCnt
                0x00000000200001d4                pohaCnt
                0x00000000200001d8                CookingTimeCompleted
                0x00000000200001dc                disp_num_buf
                0x00000000200001e6                recipieCount
                0x00000000200001e7                rStateClk
                0x00000000200001e8                eeprom_buff_readCnt
                0x00000000200001ec                kesarCnt
                0x00000000200001f0                direction
                0x00000000200001f2                turnsDetected
                0x00000000200001f3                cntButtonPressed
                0x00000000200001f4                test_eeprom_flg
                0x00000000200001f5                rLastState
                0x00000000200001f8                BasketTime
                0x00000000200001fc                timeout
                0x0000000020000200                eeprom_buff_writeCnt
                0x0000000020000204                Temperature_value
                0x0000000020000206                Sw_detected
                0x0000000020000207                SecondCookingTime
                0x0000000020000208                ok_detected
                0x0000000020000209                rStateDt
                0x000000002000020a                up_detected
                0x000000002000020b                down_detected
                0x000000002000020c                status
 *fill*         0x000000002000020d        0x3 
 COMMON         0x0000000020000210      0x3c0 Core/Src/main.o
                0x0000000020000210                espDataReceivedFlag
                0x0000000020000211                uartReceivedFlag
                0x0000000020000214                frequency
                0x0000000020000218                Temper
                0x000000002000021c                temp2
                0x0000000020000220                m_selet
                0x0000000020000222                temp_val
                0x0000000020000224                eepromEspBuf
                0x00000000200002a4                upDelay
                0x00000000200002a8                hi2c1
                0x00000000200002f4                htim15
                0x000000002000033c                count_sve
                0x0000000020000404                prescaler
                0x0000000020000408                stopDelay
                0x000000002000040c                temperature
                0x0000000020000410                RE1_Data
                0x0000000020000434                htim3
                0x000000002000047c                basketUp
                0x0000000020000480                uart_buff
                0x00000000200004c8                TIM3_Steps
                0x00000000200004cc                temp1
                0x00000000200004d0                previousDirection
                0x00000000200004d1                uart_RX
                0x00000000200004d2                uart_count
                0x00000000200004d4                _long_to_char
                0x00000000200004d8                eepromReadBuff
                0x00000000200004ec                RPM_COUNT
                0x00000000200004f0                rpm
                0x00000000200004f4                keyFlags
                0x00000000200004f6                rcount
                0x00000000200004f8                htim1
                0x0000000020000540                TIM1_Steps
                0x0000000020000544                downDelay
                0x0000000020000548                stopCount
                0x000000002000054c                canister_check
                0x000000002000054f                stopValue
                0x0000000020000550                buf
                0x0000000020000558                hspi1
                0x00000000200005bc                basketDown
                0x00000000200005c0                switchKeys
                0x00000000200005ca                uartRecev
                0x00000000200005cc                Txbuf
                0x00000000200005cf                backKeyValue
 COMMON         0x00000000200005d0        0x6 Core/Src/max_31855.o
                0x00000000200005d0                TempDelay
                0x00000000200005d4                tempScreenFlag
                0x00000000200005d5                errorScreenFlag
 *fill*         0x00000000200005d6        0x2 
 COMMON         0x00000000200005d8      0x137 Core/Src/menu_display.o
                0x00000000200005d8                menuPageNo
                0x00000000200005dc                cntBuff
                0x00000000200005e0                passwordNoOne
                0x00000000200005e1                menuSelected
                0x00000000200005e2                passwordNoOneFlag
                0x00000000200005e4                count_save
                0x000000002000065c                settingsTimeT2
                0x000000002000065e                pageStartNo
                0x000000002000065f                passwordNoTwoFlag
                0x0000000020000660                cookingSettings
                0x0000000020000664                dummyEEprom
                0x000000002000066e                settingsTimeT1
                0x0000000020000670                settingsFlag
                0x0000000020000674                portionValues
                0x00000000200006a8                totalPortionCount
                0x00000000200006ac                basketMoved
                0x00000000200006ad                settingsMaxCutoff
                0x00000000200006ae                settingsMinCutoff
                0x00000000200006b0                sleepSettings
                0x00000000200006cc                noOfSettingsAvailable
                0x00000000200006ce                settingsHoldingTim
                0x00000000200006d0                oilHeatSettings
                0x00000000200006d8                portionsAvailable
                0x00000000200006da                portionNoSelected
                0x00000000200006dc                manualParameters
                0x00000000200006df                menuNo
                0x00000000200006e0                sleepFlag
                0x00000000200006e1                settingsTemp
                0x00000000200006e2                previousPageNo
                0x00000000200006e4                totalRecipeCount
                0x00000000200006e8                getoilHeatSet
                0x00000000200006ed                passwordNoTwo
                0x00000000200006f0                getSleepSettings
                0x000000002000070c                basketFlag
                0x000000002000070d                manualClearFlag
                0x000000002000070e                preHeatFlag
 *fill*         0x000000002000070f        0x1 
 COMMON         0x0000000020000710        0x4 Drivers/STM32F0xx_HAL_Driver/Src/stm32f0xx_hal.o
                0x0000000020000710                uwTick
 COMMON         0x0000000020000714        0x4 c:/st/stm32cubeide_1.4.0/stm32cubeide/plugins/com.st.stm32cube.ide.mcu.externaltools.gnu-tools-for-stm32.7-2018-q2-update.win32_1.5.0.202011040924/tools/bin/../lib/gcc/arm-none-eabi/7.3.1/../../../../arm-none-eabi/lib/thumb/v6-m\libc_nano.a(lib_a-reent.o)
                0x0000000020000714                errno
                0x0000000020000718                . = ALIGN (0x4)
                0x0000000020000718                _ebss = .
                0x0000000020000718                __bss_end__ = _ebss

._user_heap_stack
                0x0000000020000718      0x600 load address 0x0000000008006994
                0x0000000020000718                . = ALIGN (0x8)
                0x0000000020000718                PROVIDE (end = .)
                [!provide]                        PROVIDE (_end = .)
                0x0000000020000918                . = (. + _Min_Heap_Size)
 *fill*         0x0000000020000718      0x200 
                0x0000000020000d18                . = (. + _Min_Stack_Size)
 *fill*         0x0000000020000918      0x400 
                0x0000000020000d18                . = ALIGN (0x8)

/DISCARD/
 libc.a(*)
 libm.a(*)
 libgcc.a(*)

.ARM.attributes
                0x0000000000000000       0x28
 *(.ARM.attributes)
 .ARM.attributes
                0x0000000000000000       0x1e c:/st/stm32cubeide_1.4.0/stm32cubeide/plugins/com.st.stm32cube.ide.mcu.externaltools.gnu-tools-for-stm32.7-2018-q2-update.win32_1.5.0.202011040924/tools/bin/../lib/gcc/arm-none-eabi/7.3.1/thumb/v6-m/crti.o
 .ARM.attributes
                0x000000000000001e       0x2c c:/st/stm32cubeide_1.4.0/stm32cubeide/plugins/com.st.stm32cube.ide.mcu.externaltools.gnu-tools-for-stm32.7-2018-q2-update.win32_1.5.0.202011040924/tools/bin/../lib/gcc/arm-none-eabi/7.3.1/thumb/v6-m/crtbegin.o
 .ARM.attributes
                0x000000000000004a       0x31 Core/Src/eeprom.o
 .ARM.attributes
                0x000000000000007b       0x31 Core/Src/fonts.o
 .ARM.attributes
                0x00000000000000ac       0x31 Core/Src/ili9341.o
 .ARM.attributes
                0x00000000000000dd       0x31 Core/Src/main.o
 .ARM.attributes
                0x000000000000010e       0x31 Core/Src/max_31855.o
 .ARM.attributes
                0x000000000000013f       0x31 Core/Src/menu_display.o
 .ARM.attributes
                0x0000000000000170       0x31 Core/Src/stm32f0xx_hal_msp.o
 .ARM.attributes
                0x00000000000001a1       0x31 Core/Src/stm32f0xx_it.o
 .ARM.attributes
                0x00000000000001d2       0x31 Core/Src/sysmem.o
 .ARM.attributes
                0x0000000000000203       0x31 Core/Src/system_stm32f0xx.o
 .ARM.attributes
                0x0000000000000234       0x21 Core/Startup/startup_stm32f030r8tx.o
 .ARM.attributes
                0x0000000000000255       0x31 Drivers/STM32F0xx_HAL_Driver/Src/stm32f0xx_hal.o
 .ARM.attributes
                0x0000000000000286       0x31 Drivers/STM32F0xx_HAL_Driver/Src/stm32f0xx_hal_cortex.o
 .ARM.attributes
                0x00000000000002b7       0x31 Drivers/STM32F0xx_HAL_Driver/Src/stm32f0xx_hal_gpio.o
 .ARM.attributes
                0x00000000000002e8       0x31 Drivers/STM32F0xx_HAL_Driver/Src/stm32f0xx_hal_i2c.o
 .ARM.attributes
                0x0000000000000319       0x31 Drivers/STM32F0xx_HAL_Driver/Src/stm32f0xx_hal_i2c_ex.o
 .ARM.attributes
                0x000000000000034a       0x31 Drivers/STM32F0xx_HAL_Driver/Src/stm32f0xx_hal_rcc.o
 .ARM.attributes
                0x000000000000037b       0x31 Drivers/STM32F0xx_HAL_Driver/Src/stm32f0xx_hal_rcc_ex.o
 .ARM.attributes
                0x00000000000003ac       0x31 Drivers/STM32F0xx_HAL_Driver/Src/stm32f0xx_hal_spi.o
 .ARM.attributes
                0x00000000000003dd       0x31 Drivers/STM32F0xx_HAL_Driver/Src/stm32f0xx_hal_tim.o
 .ARM.attributes
                0x000000000000040e       0x31 Drivers/STM32F0xx_HAL_Driver/Src/stm32f0xx_hal_tim_ex.o
 .ARM.attributes
                0x000000000000043f       0x2c c:/st/stm32cubeide_1.4.0/stm32cubeide/plugins/com.st.stm32cube.ide.mcu.externaltools.gnu-tools-for-stm32.7-2018-q2-update.win32_1.5.0.202011040924/tools/bin/../lib/gcc/arm-none-eabi/7.3.1/../../../../arm-none-eabi/lib/thumb/v6-m\libc_nano.a(lib_a-errno.o)
 .ARM.attributes
                0x000000000000046b       0x2c c:/st/stm32cubeide_1.4.0/stm32cubeide/plugins/com.st.stm32cube.ide.mcu.externaltools.gnu-tools-for-stm32.7-2018-q2-update.win32_1.5.0.202011040924/tools/bin/../lib/gcc/arm-none-eabi/7.3.1/../../../../arm-none-eabi/lib/thumb/v6-m\libc_nano.a(lib_a-impure.o)
 .ARM.attributes
                0x0000000000000497       0x2c c:/st/stm32cubeide_1.4.0/stm32cubeide/plugins/com.st.stm32cube.ide.mcu.externaltools.gnu-tools-for-stm32.7-2018-q2-update.win32_1.5.0.202011040924/tools/bin/../lib/gcc/arm-none-eabi/7.3.1/../../../../arm-none-eabi/lib/thumb/v6-m\libc_nano.a(lib_a-init.o)
 .ARM.attributes
                0x00000000000004c3       0x2c c:/st/stm32cubeide_1.4.0/stm32cubeide/plugins/com.st.stm32cube.ide.mcu.externaltools.gnu-tools-for-stm32.7-2018-q2-update.win32_1.5.0.202011040924/tools/bin/../lib/gcc/arm-none-eabi/7.3.1/../../../../arm-none-eabi/lib/thumb/v6-m\libc_nano.a(lib_a-memcpy-stub.o)
 .ARM.attributes
                0x00000000000004ef       0x2c c:/st/stm32cubeide_1.4.0/stm32cubeide/plugins/com.st.stm32cube.ide.mcu.externaltools.gnu-tools-for-stm32.7-2018-q2-update.win32_1.5.0.202011040924/tools/bin/../lib/gcc/arm-none-eabi/7.3.1/../../../../arm-none-eabi/lib/thumb/v6-m\libc_nano.a(lib_a-memset.o)
 .ARM.attributes
                0x000000000000051b       0x2c c:/st/stm32cubeide_1.4.0/stm32cubeide/plugins/com.st.stm32cube.ide.mcu.externaltools.gnu-tools-for-stm32.7-2018-q2-update.win32_1.5.0.202011040924/tools/bin/../lib/gcc/arm-none-eabi/7.3.1/../../../../arm-none-eabi/lib/thumb/v6-m\libc_nano.a(lib_a-nano-freer.o)
 .ARM.attributes
                0x0000000000000547       0x2c c:/st/stm32cubeide_1.4.0/stm32cubeide/plugins/com.st.stm32cube.ide.mcu.externaltools.gnu-tools-for-stm32.7-2018-q2-update.win32_1.5.0.202011040924/tools/bin/../lib/gcc/arm-none-eabi/7.3.1/../../../../arm-none-eabi/lib/thumb/v6-m\libc_nano.a(lib_a-nano-mallocr.o)
 .ARM.attributes
                0x0000000000000573       0x2c c:/st/stm32cubeide_1.4.0/stm32cubeide/plugins/com.st.stm32cube.ide.mcu.externaltools.gnu-tools-for-stm32.7-2018-q2-update.win32_1.5.0.202011040924/tools/bin/../lib/gcc/arm-none-eabi/7.3.1/../../../../arm-none-eabi/lib/thumb/v6-m\libc_nano.a(lib_a-sbrkr.o)
 .ARM.attributes
                0x000000000000059f       0x2c c:/st/stm32cubeide_1.4.0/stm32cubeide/plugins/com.st.stm32cube.ide.mcu.externaltools.gnu-tools-for-stm32.7-2018-q2-update.win32_1.5.0.202011040924/tools/bin/../lib/gcc/arm-none-eabi/7.3.1/../../../../arm-none-eabi/lib/thumb/v6-m\libc_nano.a(lib_a-sprintf.o)
 .ARM.attributes
                0x00000000000005cb       0x2c c:/st/stm32cubeide_1.4.0/stm32cubeide/plugins/com.st.stm32cube.ide.mcu.externaltools.gnu-tools-for-stm32.7-2018-q2-update.win32_1.5.0.202011040924/tools/bin/../lib/gcc/arm-none-eabi/7.3.1/../../../../arm-none-eabi/lib/thumb/v6-m\libc_nano.a(lib_a-strcat.o)
 .ARM.attributes
                0x00000000000005f7       0x2c c:/st/stm32cubeide_1.4.0/stm32cubeide/plugins/com.st.stm32cube.ide.mcu.externaltools.gnu-tools-for-stm32.7-2018-q2-update.win32_1.5.0.202011040924/tools/bin/../lib/gcc/arm-none-eabi/7.3.1/../../../../arm-none-eabi/lib/thumb/v6-m\libc_nano.a(lib_a-strcpy.o)
 .ARM.attributes
                0x0000000000000623       0x2c c:/st/stm32cubeide_1.4.0/stm32cubeide/plugins/com.st.stm32cube.ide.mcu.externaltools.gnu-tools-for-stm32.7-2018-q2-update.win32_1.5.0.202011040924/tools/bin/../lib/gcc/arm-none-eabi/7.3.1/../../../../arm-none-eabi/lib/thumb/v6-m\libc_nano.a(lib_a-mlock.o)
 .ARM.attributes
                0x000000000000064f       0x2c c:/st/stm32cubeide_1.4.0/stm32cubeide/plugins/com.st.stm32cube.ide.mcu.externaltools.gnu-tools-for-stm32.7-2018-q2-update.win32_1.5.0.202011040924/tools/bin/../lib/gcc/arm-none-eabi/7.3.1/../../../../arm-none-eabi/lib/thumb/v6-m\libc_nano.a(lib_a-nano-svfprintf.o)
 .ARM.attributes
                0x000000000000067b       0x2c c:/st/stm32cubeide_1.4.0/stm32cubeide/plugins/com.st.stm32cube.ide.mcu.externaltools.gnu-tools-for-stm32.7-2018-q2-update.win32_1.5.0.202011040924/tools/bin/../lib/gcc/arm-none-eabi/7.3.1/../../../../arm-none-eabi/lib/thumb/v6-m\libc_nano.a(lib_a-nano-vfprintf_i.o)
 .ARM.attributes
                0x00000000000006a7       0x2c c:/st/stm32cubeide_1.4.0/stm32cubeide/plugins/com.st.stm32cube.ide.mcu.externaltools.gnu-tools-for-stm32.7-2018-q2-update.win32_1.5.0.202011040924/tools/bin/../lib/gcc/arm-none-eabi/7.3.1/../../../../arm-none-eabi/lib/thumb/v6-m\libc_nano.a(lib_a-reent.o)
 .ARM.attributes
                0x00000000000006d3       0x2c c:/st/stm32cubeide_1.4.0/stm32cubeide/plugins/com.st.stm32cube.ide.mcu.externaltools.gnu-tools-for-stm32.7-2018-q2-update.win32_1.5.0.202011040924/tools/bin/../lib/gcc/arm-none-eabi/7.3.1/../../../../arm-none-eabi/lib/thumb/v6-m\libc_nano.a(lib_a-memchr-stub.o)
 .ARM.attributes
                0x00000000000006ff       0x2c c:/st/stm32cubeide_1.4.0/stm32cubeide/plugins/com.st.stm32cube.ide.mcu.externaltools.gnu-tools-for-stm32.7-2018-q2-update.win32_1.5.0.202011040924/tools/bin/../lib/gcc/arm-none-eabi/7.3.1/../../../../arm-none-eabi/lib/thumb/v6-m\libc_nano.a(lib_a-memmove.o)
 .ARM.attributes
                0x000000000000072b       0x2c c:/st/stm32cubeide_1.4.0/stm32cubeide/plugins/com.st.stm32cube.ide.mcu.externaltools.gnu-tools-for-stm32.7-2018-q2-update.win32_1.5.0.202011040924/tools/bin/../lib/gcc/arm-none-eabi/7.3.1/../../../../arm-none-eabi/lib/thumb/v6-m\libc_nano.a(lib_a-nano-reallocr.o)
 .ARM.attributes
                0x0000000000000757       0x2c c:/st/stm32cubeide_1.4.0/stm32cubeide/plugins/com.st.stm32cube.ide.mcu.externaltools.gnu-tools-for-stm32.7-2018-q2-update.win32_1.5.0.202011040924/tools/bin/../lib/gcc/arm-none-eabi/7.3.1/../../../../arm-none-eabi/lib/thumb/v6-m\libc_nano.a(lib_a-nano-msizer.o)
 .ARM.attributes
                0x0000000000000783       0x1e c:/st/stm32cubeide_1.4.0/stm32cubeide/plugins/com.st.stm32cube.ide.mcu.externaltools.gnu-tools-for-stm32.7-2018-q2-update.win32_1.5.0.202011040924/tools/bin/../lib/gcc/arm-none-eabi/7.3.1/thumb/v6-m\libgcc.a(_udivsi3.o)
 .ARM.attributes
                0x00000000000007a1       0x1e c:/st/stm32cubeide_1.4.0/stm32cubeide/plugins/com.st.stm32cube.ide.mcu.externaltools.gnu-tools-for-stm32.7-2018-q2-update.win32_1.5.0.202011040924/tools/bin/../lib/gcc/arm-none-eabi/7.3.1/thumb/v6-m\libgcc.a(_divsi3.o)
 .ARM.attributes
                0x00000000000007bf       0x1e c:/st/stm32cubeide_1.4.0/stm32cubeide/plugins/com.st.stm32cube.ide.mcu.externaltools.gnu-tools-for-stm32.7-2018-q2-update.win32_1.5.0.202011040924/tools/bin/../lib/gcc/arm-none-eabi/7.3.1/thumb/v6-m\libgcc.a(_dvmd_tls.o)
 .ARM.attributes
                0x00000000000007dd       0x2c c:/st/stm32cubeide_1.4.0/stm32cubeide/plugins/com.st.stm32cube.ide.mcu.externaltools.gnu-tools-for-stm32.7-2018-q2-update.win32_1.5.0.202011040924/tools/bin/../lib/gcc/arm-none-eabi/7.3.1/thumb/v6-m\libgcc.a(_fixunssfsi.o)
 .ARM.attributes
                0x0000000000000809       0x2c c:/st/stm32cubeide_1.4.0/stm32cubeide/plugins/com.st.stm32cube.ide.mcu.externaltools.gnu-tools-for-stm32.7-2018-q2-update.win32_1.5.0.202011040924/tools/bin/../lib/gcc/arm-none-eabi/7.3.1/thumb/v6-m\libgcc.a(addsf3.o)
 .ARM.attributes
                0x0000000000000835       0x2c c:/st/stm32cubeide_1.4.0/stm32cubeide/plugins/com.st.stm32cube.ide.mcu.externaltools.gnu-tools-for-stm32.7-2018-q2-update.win32_1.5.0.202011040924/tools/bin/../lib/gcc/arm-none-eabi/7.3.1/thumb/v6-m\libgcc.a(divsf3.o)
 .ARM.attributes
                0x0000000000000861       0x2c c:/st/stm32cubeide_1.4.0/stm32cubeide/plugins/com.st.stm32cube.ide.mcu.externaltools.gnu-tools-for-stm32.7-2018-q2-update.win32_1.5.0.202011040924/tools/bin/../lib/gcc/arm-none-eabi/7.3.1/thumb/v6-m\libgcc.a(mulsf3.o)
 .ARM.attributes
                0x000000000000088d       0x2c c:/st/stm32cubeide_1.4.0/stm32cubeide/plugins/com.st.stm32cube.ide.mcu.externaltools.gnu-tools-for-stm32.7-2018-q2-update.win32_1.5.0.202011040924/tools/bin/../lib/gcc/arm-none-eabi/7.3.1/thumb/v6-m\libgcc.a(subsf3.o)
 .ARM.attributes
                0x00000000000008b9       0x2c c:/st/stm32cubeide_1.4.0/stm32cubeide/plugins/com.st.stm32cube.ide.mcu.externaltools.gnu-tools-for-stm32.7-2018-q2-update.win32_1.5.0.202011040924/tools/bin/../lib/gcc/arm-none-eabi/7.3.1/thumb/v6-m\libgcc.a(fixsfsi.o)
 .ARM.attributes
                0x00000000000008e5       0x2c c:/st/stm32cubeide_1.4.0/stm32cubeide/plugins/com.st.stm32cube.ide.mcu.externaltools.gnu-tools-for-stm32.7-2018-q2-update.win32_1.5.0.202011040924/tools/bin/../lib/gcc/arm-none-eabi/7.3.1/thumb/v6-m\libgcc.a(floatsisf.o)
 .ARM.attributes
                0x0000000000000911       0x2c c:/st/stm32cubeide_1.4.0/stm32cubeide/plugins/com.st.stm32cube.ide.mcu.externaltools.gnu-tools-for-stm32.7-2018-q2-update.win32_1.5.0.202011040924/tools/bin/../lib/gcc/arm-none-eabi/7.3.1/thumb/v6-m\libgcc.a(floatunsisf.o)
 .ARM.attributes
                0x000000000000093d       0x1e c:/st/stm32cubeide_1.4.0/stm32cubeide/plugins/com.st.stm32cube.ide.mcu.externaltools.gnu-tools-for-stm32.7-2018-q2-update.win32_1.5.0.202011040924/tools/bin/../lib/gcc/arm-none-eabi/7.3.1/thumb/v6-m\libgcc.a(_arm_cmpsf2.o)
 .ARM.attributes
                0x000000000000095b       0x1e c:/st/stm32cubeide_1.4.0/stm32cubeide/plugins/com.st.stm32cube.ide.mcu.externaltools.gnu-tools-for-stm32.7-2018-q2-update.win32_1.5.0.202011040924/tools/bin/../lib/gcc/arm-none-eabi/7.3.1/thumb/v6-m\libgcc.a(_clzsi2.o)
 .ARM.attributes
                0x0000000000000979       0x2c c:/st/stm32cubeide_1.4.0/stm32cubeide/plugins/com.st.stm32cube.ide.mcu.externaltools.gnu-tools-for-stm32.7-2018-q2-update.win32_1.5.0.202011040924/tools/bin/../lib/gcc/arm-none-eabi/7.3.1/thumb/v6-m\libgcc.a(eqsf2.o)
 .ARM.attributes
                0x00000000000009a5       0x2c c:/st/stm32cubeide_1.4.0/stm32cubeide/plugins/com.st.stm32cube.ide.mcu.externaltools.gnu-tools-for-stm32.7-2018-q2-update.win32_1.5.0.202011040924/tools/bin/../lib/gcc/arm-none-eabi/7.3.1/thumb/v6-m\libgcc.a(gesf2.o)
 .ARM.attributes
                0x00000000000009d1       0x2c c:/st/stm32cubeide_1.4.0/stm32cubeide/plugins/com.st.stm32cube.ide.mcu.externaltools.gnu-tools-for-stm32.7-2018-q2-update.win32_1.5.0.202011040924/tools/bin/../lib/gcc/arm-none-eabi/7.3.1/thumb/v6-m\libgcc.a(lesf2.o)
 .ARM.attributes
                0x00000000000009fd       0x1e c:/st/stm32cubeide_1.4.0/stm32cubeide/plugins/com.st.stm32cube.ide.mcu.externaltools.gnu-tools-for-stm32.7-2018-q2-update.win32_1.5.0.202011040924/tools/bin/../lib/gcc/arm-none-eabi/7.3.1/thumb/v6-m/crtn.o
OUTPUT(Dehydrator.elf elf32-littlearm)

.debug_info     0x0000000000000000    0x1df38
 .debug_info    0x0000000000000000     0x18d6 Core/Src/eeprom.o
 .debug_info    0x00000000000018d6      0x209 Core/Src/fonts.o
 .debug_info    0x0000000000001adf     0x2ddd Core/Src/ili9341.o
 .debug_info    0x00000000000048bc     0x3c6c Core/Src/main.o
 .debug_info    0x0000000000008528     0x1865 Core/Src/max_31855.o
 .debug_info    0x0000000000009d8d     0x2b30 Core/Src/menu_display.o
 .debug_info    0x000000000000c8bd     0x1d9f Core/Src/stm32f0xx_hal_msp.o
 .debug_info    0x000000000000e65c     0x1bb3 Core/Src/stm32f0xx_it.o
 .debug_info    0x000000000001020f      0x936 Core/Src/sysmem.o
 .debug_info    0x0000000000010b45      0x2a2 Core/Src/system_stm32f0xx.o
 .debug_info    0x0000000000010de7       0x22 Core/Startup/startup_stm32f030r8tx.o
 .debug_info    0x0000000000010e09      0x70a Drivers/STM32F0xx_HAL_Driver/Src/stm32f0xx_hal.o
 .debug_info    0x0000000000011513      0x813 Drivers/STM32F0xx_HAL_Driver/Src/stm32f0xx_hal_cortex.o
 .debug_info    0x0000000000011d26      0x67e Drivers/STM32F0xx_HAL_Driver/Src/stm32f0xx_hal_gpio.o
 .debug_info    0x00000000000123a4     0x3a45 Drivers/STM32F0xx_HAL_Driver/Src/stm32f0xx_hal_i2c.o
 .debug_info    0x0000000000015de9      0x873 Drivers/STM32F0xx_HAL_Driver/Src/stm32f0xx_hal_i2c_ex.o
 .debug_info    0x000000000001665c      0x9d5 Drivers/STM32F0xx_HAL_Driver/Src/stm32f0xx_hal_rcc.o
 .debug_info    0x0000000000017031      0x438 Drivers/STM32F0xx_HAL_Driver/Src/stm32f0xx_hal_rcc_ex.o
 .debug_info    0x0000000000017469     0x1e9e Drivers/STM32F0xx_HAL_Driver/Src/stm32f0xx_hal_spi.o
 .debug_info    0x0000000000019307     0x34f7 Drivers/STM32F0xx_HAL_Driver/Src/stm32f0xx_hal_tim.o
 .debug_info    0x000000000001c7fe     0x173a Drivers/STM32F0xx_HAL_Driver/Src/stm32f0xx_hal_tim_ex.o

.debug_abbrev   0x0000000000000000     0x2d4e
 .debug_abbrev  0x0000000000000000      0x286 Core/Src/eeprom.o
 .debug_abbrev  0x0000000000000286       0xa7 Core/Src/fonts.o
 .debug_abbrev  0x000000000000032d      0x32b Core/Src/ili9341.o
 .debug_abbrev  0x0000000000000658      0x3eb Core/Src/main.o
 .debug_abbrev  0x0000000000000a43      0x298 Core/Src/max_31855.o
 .debug_abbrev  0x0000000000000cdb      0x2c5 Core/Src/menu_display.o
 .debug_abbrev  0x0000000000000fa0      0x29f Core/Src/stm32f0xx_hal_msp.o
 .debug_abbrev  0x000000000000123f      0x231 Core/Src/stm32f0xx_it.o
 .debug_abbrev  0x0000000000001470      0x1e8 Core/Src/sysmem.o
 .debug_abbrev  0x0000000000001658      0x12b Core/Src/system_stm32f0xx.o
 .debug_abbrev  0x0000000000001783       0x12 Core/Startup/startup_stm32f030r8tx.o
 .debug_abbrev  0x0000000000001795      0x234 Drivers/STM32F0xx_HAL_Driver/Src/stm32f0xx_hal.o
 .debug_abbrev  0x00000000000019c9      0x264 Drivers/STM32F0xx_HAL_Driver/Src/stm32f0xx_hal_cortex.o
 .debug_abbrev  0x0000000000001c2d      0x1de Drivers/STM32F0xx_HAL_Driver/Src/stm32f0xx_hal_gpio.o
 .debug_abbrev  0x0000000000001e0b      0x26c Drivers/STM32F0xx_HAL_Driver/Src/stm32f0xx_hal_i2c.o
 .debug_abbrev  0x0000000000002077      0x1d7 Drivers/STM32F0xx_HAL_Driver/Src/stm32f0xx_hal_i2c_ex.o
 .debug_abbrev  0x000000000000224e      0x24e Drivers/STM32F0xx_HAL_Driver/Src/stm32f0xx_hal_rcc.o
 .debug_abbrev  0x000000000000249c      0x1ba Drivers/STM32F0xx_HAL_Driver/Src/stm32f0xx_hal_rcc_ex.o
 .debug_abbrev  0x0000000000002656      0x26c Drivers/STM32F0xx_HAL_Driver/Src/stm32f0xx_hal_spi.o
 .debug_abbrev  0x00000000000028c2      0x246 Drivers/STM32F0xx_HAL_Driver/Src/stm32f0xx_hal_tim.o
 .debug_abbrev  0x0000000000002b08      0x246 Drivers/STM32F0xx_HAL_Driver/Src/stm32f0xx_hal_tim_ex.o

.debug_loc      0x0000000000000000     0xeabb
 .debug_loc     0x0000000000000000      0x249 Core/Src/eeprom.o
 .debug_loc     0x0000000000000249      0xaa9 Core/Src/ili9341.o
 .debug_loc     0x0000000000000cf2      0x4cb Core/Src/main.o
 .debug_loc     0x00000000000011bd       0x8d Core/Src/max_31855.o
 .debug_loc     0x000000000000124a       0x4e Core/Src/menu_display.o
 .debug_loc     0x0000000000001298      0x1c8 Core/Src/stm32f0xx_hal_msp.o
 .debug_loc     0x0000000000001460       0x63 Core/Src/sysmem.o
 .debug_loc     0x00000000000014c3      0x13b Core/Src/system_stm32f0xx.o
 .debug_loc     0x00000000000015fe      0x11b Drivers/STM32F0xx_HAL_Driver/Src/stm32f0xx_hal.o
 .debug_loc     0x0000000000001719      0x3b7 Drivers/STM32F0xx_HAL_Driver/Src/stm32f0xx_hal_cortex.o
 .debug_loc     0x0000000000001ad0      0x2e1 Drivers/STM32F0xx_HAL_Driver/Src/stm32f0xx_hal_gpio.o
 .debug_loc     0x0000000000001db1     0x4281 Drivers/STM32F0xx_HAL_Driver/Src/stm32f0xx_hal_i2c.o
 .debug_loc     0x0000000000006032      0x17b Drivers/STM32F0xx_HAL_Driver/Src/stm32f0xx_hal_i2c_ex.o
 .debug_loc     0x00000000000061ad      0x49b Drivers/STM32F0xx_HAL_Driver/Src/stm32f0xx_hal_rcc.o
 .debug_loc     0x0000000000006648      0x359 Drivers/STM32F0xx_HAL_Driver/Src/stm32f0xx_hal_rcc_ex.o
 .debug_loc     0x00000000000069a1     0x1cde Drivers/STM32F0xx_HAL_Driver/Src/stm32f0xx_hal_spi.o
 .debug_loc     0x000000000000867f     0x4828 Drivers/STM32F0xx_HAL_Driver/Src/stm32f0xx_hal_tim.o
 .debug_loc     0x000000000000cea7     0x1c14 Drivers/STM32F0xx_HAL_Driver/Src/stm32f0xx_hal_tim_ex.o

.debug_aranges  0x0000000000000000      0xfb0
 .debug_aranges
                0x0000000000000000       0x40 Core/Src/eeprom.o
 .debug_aranges
                0x0000000000000040       0x18 Core/Src/fonts.o
 .debug_aranges
                0x0000000000000058       0xd8 Core/Src/ili9341.o
 .debug_aranges
                0x0000000000000130       0xd8 Core/Src/main.o
 .debug_aranges
                0x0000000000000208       0x30 Core/Src/max_31855.o
 .debug_aranges
                0x0000000000000238       0x38 Core/Src/menu_display.o
 .debug_aranges
                0x0000000000000270       0x50 Core/Src/stm32f0xx_hal_msp.o
 .debug_aranges
                0x00000000000002c0       0x58 Core/Src/stm32f0xx_it.o
 .debug_aranges
                0x0000000000000318       0x20 Core/Src/sysmem.o
 .debug_aranges
                0x0000000000000338       0x28 Core/Src/system_stm32f0xx.o
 .debug_aranges
                0x0000000000000360       0x28 Core/Startup/startup_stm32f030r8tx.o
 .debug_aranges
                0x0000000000000388       0xd0 Drivers/STM32F0xx_HAL_Driver/Src/stm32f0xx_hal.o
 .debug_aranges
                0x0000000000000458       0x78 Drivers/STM32F0xx_HAL_Driver/Src/stm32f0xx_hal_cortex.o
 .debug_aranges
                0x00000000000004d0       0x58 Drivers/STM32F0xx_HAL_Driver/Src/stm32f0xx_hal_gpio.o
 .debug_aranges
                0x0000000000000528      0x290 Drivers/STM32F0xx_HAL_Driver/Src/stm32f0xx_hal_i2c.o
 .debug_aranges
                0x00000000000007b8       0x38 Drivers/STM32F0xx_HAL_Driver/Src/stm32f0xx_hal_i2c_ex.o
 .debug_aranges
                0x00000000000007f0       0x80 Drivers/STM32F0xx_HAL_Driver/Src/stm32f0xx_hal_rcc.o
 .debug_aranges
                0x0000000000000870       0x30 Drivers/STM32F0xx_HAL_Driver/Src/stm32f0xx_hal_rcc_ex.o
 .debug_aranges
                0x00000000000008a0      0x1d8 Drivers/STM32F0xx_HAL_Driver/Src/stm32f0xx_hal_spi.o
 .debug_aranges
                0x0000000000000a78      0x3d0 Drivers/STM32F0xx_HAL_Driver/Src/stm32f0xx_hal_tim.o
 .debug_aranges
                0x0000000000000e48      0x168 Drivers/STM32F0xx_HAL_Driver/Src/stm32f0xx_hal_tim_ex.o

.debug_ranges   0x0000000000000000      0xf38
 .debug_ranges  0x0000000000000000       0x30 Core/Src/eeprom.o
 .debug_ranges  0x0000000000000030       0xf8 Core/Src/ili9341.o
 .debug_ranges  0x0000000000000128       0xe0 Core/Src/main.o
 .debug_ranges  0x0000000000000208       0x20 Core/Src/max_31855.o
 .debug_ranges  0x0000000000000228       0x28 Core/Src/menu_display.o
 .debug_ranges  0x0000000000000250       0x40 Core/Src/stm32f0xx_hal_msp.o
 .debug_ranges  0x0000000000000290       0x48 Core/Src/stm32f0xx_it.o
 .debug_ranges  0x00000000000002d8       0x10 Core/Src/sysmem.o
 .debug_ranges  0x00000000000002e8       0x18 Core/Src/system_stm32f0xx.o
 .debug_ranges  0x0000000000000300       0x20 Core/Startup/startup_stm32f030r8tx.o
 .debug_ranges  0x0000000000000320       0xc0 Drivers/STM32F0xx_HAL_Driver/Src/stm32f0xx_hal.o
 .debug_ranges  0x00000000000003e0       0xc8 Drivers/STM32F0xx_HAL_Driver/Src/stm32f0xx_hal_cortex.o
 .debug_ranges  0x00000000000004a8       0x48 Drivers/STM32F0xx_HAL_Driver/Src/stm32f0xx_hal_gpio.o
 .debug_ranges  0x00000000000004f0      0x280 Drivers/STM32F0xx_HAL_Driver/Src/stm32f0xx_hal_i2c.o
 .debug_ranges  0x0000000000000770       0x28 Drivers/STM32F0xx_HAL_Driver/Src/stm32f0xx_hal_i2c_ex.o
 .debug_ranges  0x0000000000000798       0x88 Drivers/STM32F0xx_HAL_Driver/Src/stm32f0xx_hal_rcc.o
 .debug_ranges  0x0000000000000820       0x38 Drivers/STM32F0xx_HAL_Driver/Src/stm32f0xx_hal_rcc_ex.o
 .debug_ranges  0x0000000000000858      0x1c8 Drivers/STM32F0xx_HAL_Driver/Src/stm32f0xx_hal_spi.o
 .debug_ranges  0x0000000000000a20      0x3c0 Drivers/STM32F0xx_HAL_Driver/Src/stm32f0xx_hal_tim.o
 .debug_ranges  0x0000000000000de0      0x158 Drivers/STM32F0xx_HAL_Driver/Src/stm32f0xx_hal_tim_ex.o

.debug_macro    0x0000000000000000    0x12332
 .debug_macro   0x0000000000000000      0x421 Core/Src/eeprom.o
 .debug_macro   0x0000000000000421      0xa48 Core/Src/eeprom.o
 .debug_macro   0x0000000000000e69      0x133 Core/Src/eeprom.o
 .debug_macro   0x0000000000000f9c       0x2e Core/Src/eeprom.o
 .debug_macro   0x0000000000000fca       0x22 Core/Src/eeprom.o
 .debug_macro   0x0000000000000fec       0x22 Core/Src/eeprom.o
 .debug_macro   0x000000000000100e       0x8e Core/Src/eeprom.o
 .debug_macro   0x000000000000109c       0x51 Core/Src/eeprom.o
 .debug_macro   0x00000000000010ed       0xef Core/Src/eeprom.o
 .debug_macro   0x00000000000011dc       0x6a Core/Src/eeprom.o
 .debug_macro   0x0000000000001246      0x1df Core/Src/eeprom.o
 .debug_macro   0x0000000000001425       0x1c Core/Src/eeprom.o
 .debug_macro   0x0000000000001441       0x22 Core/Src/eeprom.o
 .debug_macro   0x0000000000001463       0xb5 Core/Src/eeprom.o
 .debug_macro   0x0000000000001518      0x391 Core/Src/eeprom.o
 .debug_macro   0x00000000000018a9     0x6f39 Core/Src/eeprom.o
 .debug_macro   0x00000000000087e2       0x3c Core/Src/eeprom.o
 .debug_macro   0x000000000000881e     0x3461 Core/Src/eeprom.o
 .debug_macro   0x000000000000bc7f      0x174 Core/Src/eeprom.o
 .debug_macro   0x000000000000bdf3       0x55 Core/Src/eeprom.o
 .debug_macro   0x000000000000be48      0x924 Core/Src/eeprom.o
 .debug_macro   0x000000000000c76c      0x17f Core/Src/eeprom.o
 .debug_macro   0x000000000000c8eb      0x12f Core/Src/eeprom.o
 .debug_macro   0x000000000000ca1a       0xd9 Core/Src/eeprom.o
 .debug_macro   0x000000000000caf3      0x1a0 Core/Src/eeprom.o
 .debug_macro   0x000000000000cc93      0x1ed Core/Src/eeprom.o
 .debug_macro   0x000000000000ce80       0x34 Core/Src/eeprom.o
 .debug_macro   0x000000000000ceb4       0x43 Core/Src/eeprom.o
 .debug_macro   0x000000000000cef7       0x28 Core/Src/eeprom.o
 .debug_macro   0x000000000000cf1f       0xb0 Core/Src/eeprom.o
 .debug_macro   0x000000000000cfcf      0x199 Core/Src/eeprom.o
 .debug_macro   0x000000000000d168      0x22c Core/Src/eeprom.o
 .debug_macro   0x000000000000d394       0x60 Core/Src/eeprom.o
 .debug_macro   0x000000000000d3f4       0xa5 Core/Src/eeprom.o
 .debug_macro   0x000000000000d499       0x4c Core/Src/eeprom.o
 .debug_macro   0x000000000000d4e5       0x2b Core/Src/eeprom.o
 .debug_macro   0x000000000000d510      0x2fe Core/Src/eeprom.o
 .debug_macro   0x000000000000d80e      0x8d8 Core/Src/eeprom.o
 .debug_macro   0x000000000000e0e6       0x28 Core/Src/eeprom.o
 .debug_macro   0x000000000000e10e       0xff Core/Src/eeprom.o
 .debug_macro   0x000000000000e20d       0x18 Core/Src/eeprom.o
 .debug_macro   0x000000000000e225       0x46 Core/Src/eeprom.o
 .debug_macro   0x000000000000e26b       0x3c Core/Src/eeprom.o
 .debug_macro   0x000000000000e2a7       0x34 Core/Src/eeprom.o
 .debug_macro   0x000000000000e2db       0x16 Core/Src/eeprom.o
 .debug_macro   0x000000000000e2f1       0x35 Core/Src/eeprom.o
 .debug_macro   0x000000000000e326       0x52 Core/Src/eeprom.o
 .debug_macro   0x000000000000e378       0x1f Core/Src/eeprom.o
 .debug_macro   0x000000000000e397       0x43 Core/Src/eeprom.o
 .debug_macro   0x000000000000e3da       0x20 Core/Src/eeprom.o
 .debug_macro   0x000000000000e3fa      0x1a3 Core/Src/eeprom.o
 .debug_macro   0x000000000000e59d      0x32a Core/Src/eeprom.o
 .debug_macro   0x000000000000e8c7       0x16 Core/Src/eeprom.o
 .debug_macro   0x000000000000e8dd       0x29 Core/Src/eeprom.o
 .debug_macro   0x000000000000e906       0x16 Core/Src/eeprom.o
 .debug_macro   0x000000000000e91c       0x20 Core/Src/eeprom.o
 .debug_macro   0x000000000000e93c       0x58 Core/Src/eeprom.o
 .debug_macro   0x000000000000e994       0x22 Core/Src/eeprom.o
 .debug_macro   0x000000000000e9b6       0x7c Core/Src/eeprom.o
 .debug_macro   0x000000000000ea32       0x1c Core/Src/eeprom.o
 .debug_macro   0x000000000000ea4e       0x10 Core/Src/eeprom.o
 .debug_macro   0x000000000000ea5e       0x1c Core/Src/eeprom.o
 .debug_macro   0x000000000000ea7a       0x52 Core/Src/eeprom.o
 .debug_macro   0x000000000000eacc       0x40 Core/Src/eeprom.o
 .debug_macro   0x000000000000eb0c       0x10 Core/Src/eeprom.o
 .debug_macro   0x000000000000eb1c       0x40 Core/Src/eeprom.o
 .debug_macro   0x000000000000eb5c       0xd7 Core/Src/eeprom.o
 .debug_macro   0x000000000000ec33       0x1c Core/Src/eeprom.o
 .debug_macro   0x000000000000ec4f       0x3d Core/Src/eeprom.o
 .debug_macro   0x000000000000ec8c       0x16 Core/Src/eeprom.o
 .debug_macro   0x000000000000eca2      0x145 Core/Src/eeprom.o
 .debug_macro   0x000000000000ede7       0x7e Core/Src/eeprom.o
 .debug_macro   0x000000000000ee65       0xd0 Core/Src/eeprom.o
 .debug_macro   0x000000000000ef35      0x124 Core/Src/eeprom.o
 .debug_macro   0x000000000000f059       0x10 Core/Src/eeprom.o
 .debug_macro   0x000000000000f069      0x154 Core/Src/eeprom.o
 .debug_macro   0x000000000000f1bd       0x28 Core/Src/eeprom.o
 .debug_macro   0x000000000000f1e5       0x6d Core/Src/fonts.o
 .debug_macro   0x000000000000f252      0x3e8 Core/Src/ili9341.o
 .debug_macro   0x000000000000f63a      0x44a Core/Src/main.o
 .debug_macro   0x000000000000fa84       0x10 Core/Src/main.o
 .debug_macro   0x000000000000fa94      0x3ee Core/Src/max_31855.o
 .debug_macro   0x000000000000fe82       0x10 Core/Src/max_31855.o
 .debug_macro   0x000000000000fe92      0x425 Core/Src/menu_display.o
 .debug_macro   0x00000000000102b7      0x3e4 Core/Src/stm32f0xx_hal_msp.o
 .debug_macro   0x000000000001069b      0x3fb Core/Src/stm32f0xx_it.o
 .debug_macro   0x0000000000010a96      0x1ae Core/Src/sysmem.o
 .debug_macro   0x0000000000010c44      0x23b Core/Src/sysmem.o
 .debug_macro   0x0000000000010e7f       0x16 Core/Src/sysmem.o
 .debug_macro   0x0000000000010e95      0x1c3 Core/Src/system_stm32f0xx.o
 .debug_macro   0x0000000000011058      0x1e7 Drivers/STM32F0xx_HAL_Driver/Src/stm32f0xx_hal.o
 .debug_macro   0x000000000001123f      0x1c3 Drivers/STM32F0xx_HAL_Driver/Src/stm32f0xx_hal_cortex.o
 .debug_macro   0x0000000000011402      0x1fb Drivers/STM32F0xx_HAL_Driver/Src/stm32f0xx_hal_gpio.o
 .debug_macro   0x00000000000115fd      0x288 Drivers/STM32F0xx_HAL_Driver/Src/stm32f0xx_hal_i2c.o
 .debug_macro   0x0000000000011885      0x1c3 Drivers/STM32F0xx_HAL_Driver/Src/stm32f0xx_hal_i2c_ex.o
 .debug_macro   0x0000000000011a48      0x1d5 Drivers/STM32F0xx_HAL_Driver/Src/stm32f0xx_hal_rcc.o
 .debug_macro   0x0000000000011c1d      0x1c3 Drivers/STM32F0xx_HAL_Driver/Src/stm32f0xx_hal_rcc_ex.o
 .debug_macro   0x0000000000011de0      0x1cb Drivers/STM32F0xx_HAL_Driver/Src/stm32f0xx_hal_spi.o
 .debug_macro   0x0000000000011fab      0x1c4 Drivers/STM32F0xx_HAL_Driver/Src/stm32f0xx_hal_tim.o
 .debug_macro   0x000000000001216f      0x1c3 Drivers/STM32F0xx_HAL_Driver/Src/stm32f0xx_hal_tim_ex.o

.debug_line     0x0000000000000000     0xf2c5
 .debug_line    0x0000000000000000      0xa21 Core/Src/eeprom.o
 .debug_line    0x0000000000000a21      0x38a Core/Src/fonts.o
 .debug_line    0x0000000000000dab      0xc92 Core/Src/ili9341.o
 .debug_line    0x0000000000001a3d      0xd99 Core/Src/main.o
 .debug_line    0x00000000000027d6      0x9b0 Core/Src/max_31855.o
 .debug_line    0x0000000000003186      0xacd Core/Src/menu_display.o
 .debug_line    0x0000000000003c53      0xa32 Core/Src/stm32f0xx_hal_msp.o
 .debug_line    0x0000000000004685      0xa0a Core/Src/stm32f0xx_it.o
 .debug_line    0x000000000000508f      0x55f Core/Src/sysmem.o
 .debug_line    0x00000000000055ee      0x6f9 Core/Src/system_stm32f0xx.o
 .debug_line    0x0000000000005ce7       0x89 Core/Startup/startup_stm32f030r8tx.o
 .debug_line    0x0000000000005d70      0x88f Drivers/STM32F0xx_HAL_Driver/Src/stm32f0xx_hal.o
 .debug_line    0x00000000000065ff      0x868 Drivers/STM32F0xx_HAL_Driver/Src/stm32f0xx_hal_cortex.o
 .debug_line    0x0000000000006e67      0x829 Drivers/STM32F0xx_HAL_Driver/Src/stm32f0xx_hal_gpio.o
 .debug_line    0x0000000000007690     0x1b49 Drivers/STM32F0xx_HAL_Driver/Src/stm32f0xx_hal_i2c.o
 .debug_line    0x00000000000091d9      0x795 Drivers/STM32F0xx_HAL_Driver/Src/stm32f0xx_hal_i2c_ex.o
 .debug_line    0x000000000000996e      0x985 Drivers/STM32F0xx_HAL_Driver/Src/stm32f0xx_hal_rcc.o
 .debug_line    0x000000000000a2f3      0x7b7 Drivers/STM32F0xx_HAL_Driver/Src/stm32f0xx_hal_rcc_ex.o
 .debug_line    0x000000000000aaaa     0x122c Drivers/STM32F0xx_HAL_Driver/Src/stm32f0xx_hal_spi.o
 .debug_line    0x000000000000bcd6     0x22c4 Drivers/STM32F0xx_HAL_Driver/Src/stm32f0xx_hal_tim.o
 .debug_line    0x000000000000df9a     0x132b Drivers/STM32F0xx_HAL_Driver/Src/stm32f0xx_hal_tim_ex.o

.debug_str      0x0000000000000000    0x66ad4
 .debug_str     0x0000000000000000    0x619d2 Core/Src/eeprom.o
                                      0x61e19 (size before relaxing)
 .debug_str     0x00000000000619d2       0xb2 Core/Src/fonts.o
                                       0x3bf1 (size before relaxing)
 .debug_str     0x0000000000061a84      0x50c Core/Src/ili9341.o
                                      0x62209 (size before relaxing)
 .debug_str     0x0000000000061f90     0x1067 Core/Src/main.o
                                      0x631dd (size before relaxing)
 .debug_str     0x0000000000062ff7       0x7c Core/Src/max_31855.o
                                      0x61e43 (size before relaxing)
 .debug_str     0x0000000000063073      0x322 Core/Src/menu_display.o
                                      0x62b07 (size before relaxing)
 .debug_str     0x0000000000063395      0x223 Core/Src/stm32f0xx_hal_msp.o
                                      0x6224c (size before relaxing)
 .debug_str     0x00000000000635b8      0x146 Core/Src/stm32f0xx_it.o
                                      0x62257 (size before relaxing)
 .debug_str     0x00000000000636fe      0x4d9 Core/Src/sysmem.o
                                       0x7a39 (size before relaxing)