ili9341.c:15:13:ILI9341_Select	8	static
ili9341.c:23:13:ILI9341_Reset	16	static
ili9341.c:19:6:ILI9341_Unselect	8	static
ili9341.c:39:7:ILI9341_WriteCommand	16	static
ili9341.c:44:7:ILI9341_WriteCommand1	16	static
ili9341.c:51:7:ILI9341_WriteData	16	static
ili9341.c:77:13:ILI9341_SetAddressWindow	32	static
ili9341.c:322:13:ILI9341_WriteChar	40	static
ili9341.c:443:13:ILI9341_WriteChar1	40	static
ili9341.c:557:13:ILI9341_WriteCharScroll	40	static
ili9341.c:63:7:ILI9341_WriteData1	16	static
ili9341.c:118:6:ILI9341_Init	32	static
ili9341.c:308:6:ILI9341_DrawPixel	24	static
ili9341.c:599:6:ILI9341_WriteString	48	static
ili9341.c:626:6:ILI9341_WriteString1	40	static
ili9341.c:713:6:ILI9341_WriteStringScroll	40	static
ili9341.c:771:6:ILI9341_FillRectangle	32	static
ili9341.c:793:6:ILI9341_FillScreen	16	static
ili9341.c:797:6:ILI9341_FillScreenOffset	16	static
ili9341.c:801:6:ILI9341_FillScreenOffsetManual	16	static
ili9341.c:805:6:ILI9341_FillScreenTemp	16	static
ili9341.c:809:6:ILI9341_FillScreenTemp1	16	static
ili9341.c:817:6:ILI9341_DrawImage	24	static
ili9341.c:828:6:ILI9341_InvertColors	8	static
