main.c:573:13:MX_GPIO_Init	64	static
main.c:396:13:MX_SPI1_Init	8	static
main.c:482:13:MX_TIM3_Init	40	static
main.c:436:13:MX_TIM1_Init	40	static
main.c:527:13:MX_TIM15_Init	40	static
main.c:350:13:MX_I2C1_Init	8	static
main.c:199:5:size__of_dispaly_par	0	static
main.c:301:6:SystemClock_Config	88	static
main.c:655:6:init	16	static
main.c:209:5:main	8	static
main.c:706:9:pushESPData	24	static
main.c:739:9:updateESPData	24	static
main.c:773:6:HAL_TIM_PeriodElapsedCallback	16	static
main.c:1082:6:basketUpDown	16	static
main.c:1115:6:reverse2	16	static
main.c:1128:5:intToStr	24	static
main.c:1146:5:intToStrIndex	24	static
main.c:1167:6:GetRotaryValue	0	static
main.c:1271:6:STEPPER_ROTATE	16	static
main.c:1223:6:DISPANSE_UPMA	8	static
main.c:1239:6:DISPANSE_KESARI	8	static
main.c:1255:6:DISPANSE_POHA	8	static
main.c:1344:6:StopAllMotors	8	static
main.c:1380:6:Error_Handler	0	static
